<?xml version='1.0' encoding='UTF-8'?>
<caom2:Observation xmlns:caom2="http://www.opencadc.org/caom2/xml/v2.3" xmlns:xsi="http://www.w3.org/2001/XMLSchema-instance" xsi:type="caom2:CompositeObservation" caom2:id="b2c315e9-e12b-4de6-895e-e324ed71d4ed">
  <caom2:collection>OMM</caom2:collection>
  <caom2:observationID>C080415_domeflat_BrGamma</caom2:observationID>
  <caom2:metaRelease>2008-04-16T06:01:20.000</caom2:metaRelease>
  <caom2:algorithm>
    <caom2:name>composite</caom2:name>
  </caom2:algorithm>
  <caom2:type>flat</caom2:type>
  <caom2:intent>calibration</caom2:intent>
  <caom2:target>
    <caom2:name>domeflat_H_OFF</caom2:name>
    <caom2:type>object</caom2:type>
    <caom2:standard>false</caom2:standard>
    <caom2:moving>false</caom2:moving>
  </caom2:target>
  <caom2:targetPosition>
    <caom2:coordsys>ICRS</caom2:coordsys>
    <caom2:equinox>2000.0</caom2:equinox>
    <caom2:coordinates>
      <caom2:cval1>215.020875</caom2:cval1>
      <caom2:cval2>54.347908</caom2:cval2>
    </caom2:coordinates>
  </caom2:targetPosition>
  <caom2:telescope>
    <caom2:name>OMM-1.6m</caom2:name>
    <caom2:geoLocationX>1448028.9616748542</caom2:geoLocationX>
    <caom2:geoLocationY>-4242093.481212275</caom2:geoLocationY>
    <caom2:geoLocationZ>4523795.303587095</caom2:geoLocationZ>
  </caom2:telescope>
  <caom2:instrument>
    <caom2:name>CPAPIR</caom2:name>
    <caom2:keywords>
      <caom2:keyword>DETECTOR=CPAPIR-HAWAII-2</caom2:keyword>
    </caom2:keywords>
  </caom2:instrument>
  <caom2:environment>
    <caom2:ambientTemp>-2.9</caom2:ambientTemp>
  </caom2:environment>
  <caom2:planes>
    <caom2:plane caom2:id="a5509115-d510-4bd3-9810-53fdf8b9b9a4">
      <caom2:productID>C080415_domeflat_BrGamma_CALRED</caom2:productID>
      <caom2:metaRelease>2008-04-16T10:01:20.000</caom2:metaRelease>
      <caom2:dataRelease>2009-10-15T00:00:00.000</caom2:dataRelease>
      <caom2:dataProductType>image</caom2:dataProductType>
      <caom2:calibrationLevel>1</caom2:calibrationLevel>
      <caom2:provenance>
        <caom2:name>CPAPIR</caom2:name>
        <caom2:version>1.0</caom2:version>
        <caom2:project>Standard Pipeline</caom2:project>
        <caom2:producer>LAE</caom2:producer>
        <caom2:runID>080415</caom2:runID>
        <caom2:reference>http://omm-astro.ca</caom2:reference>
      </caom2:provenance>
      <caom2:artifacts>
        <caom2:artifact caom2:id="9aee49c4-f549-4536-9595-4d78b3f9142c">
          <caom2:uri>ad:OMM/C080415_domeflat_BrGamma_CALRED.fits.gz</caom2:uri>
          <caom2:productType>calibration</caom2:productType>
          <caom2:releaseType>data</caom2:releaseType>
          <caom2:contentType>application/fits</caom2:contentType>
          <caom2:parts>
            <caom2:part caom2:id="51cf0ba8-5c59-4cc8-b077-a34ef57a2e14">
              <caom2:name>0</caom2:name>
              <caom2:productType>calibration</caom2:productType>
              <caom2:chunks>
                <caom2:chunk caom2:id="292a0bbf-18d1-4379-9768-dc702ab95f57">
                  <caom2:productType>calibration</caom2:productType>
                  <caom2:naxis>4</caom2:naxis>
                  <caom2:positionAxis1>1</caom2:positionAxis1>
                  <caom2:positionAxis2>2</caom2:positionAxis2>
                  <caom2:energyAxis>3</caom2:energyAxis>
                  <caom2:timeAxis>4</caom2:timeAxis>
                  <caom2:position>
                    <caom2:axis>
                      <caom2:axis1>
                        <caom2:ctype>RA---TAN</caom2:ctype>
                        <caom2:cunit>deg</caom2:cunit>
                      </caom2:axis1>
                      <caom2:axis2>
                        <caom2:ctype>DEC--TAN</caom2:ctype>
                        <caom2:cunit>deg</caom2:cunit>
                      </caom2:axis2>
                      <caom2:function>
                        <caom2:dimension>
                          <caom2:naxis1>2048</caom2:naxis1>
                          <caom2:naxis2>2048</caom2:naxis2>
                        </caom2:dimension>
                        <caom2:refCoord>
                          <caom2:coord1>
                            <caom2:pix>1024.0</caom2:pix>
                            <caom2:val>215.439695578</caom2:val>
                          </caom2:coord1>
                          <caom2:coord2>
                            <caom2:pix>1024.0</caom2:pix>
                            <caom2:val>54.2450138875</caom2:val>
                          </caom2:coord2>
                        </caom2:refCoord>
                        <caom2:cd11>-0.000248198595831</caom2:cd11>
                        <caom2:cd12>-2.36811650425e-06</caom2:cd12>
                        <caom2:cd21>-2.36811650425e-06</caom2:cd21>
                        <caom2:cd22>0.000248198595831</caom2:cd22>
                      </caom2:function>
                    </caom2:axis>
                    <caom2:coordsys>ICRS</caom2:coordsys>
                    <caom2:equinox>2000.0</caom2:equinox>
                  </caom2:position>
                  <caom2:energy>
                    <caom2:axis>
                      <caom2:axis>
                        <caom2:ctype>WAVE</caom2:ctype>
                        <caom2:cunit>um</caom2:cunit>
                      </caom2:axis>
                      <caom2:range>
                        <caom2:start>
                          <caom2:pix>0.5</caom2:pix>
                          <caom2:val>1.5</caom2:val>
                        </caom2:start>
                        <caom2:end>
                          <caom2:pix>1.5</caom2:pix>
                          <caom2:val>1.7999999999999998</caom2:val>
                        </caom2:end>
                      </caom2:range>
                    </caom2:axis>
                    <caom2:specsys>TOPCENT</caom2:specsys>
                    <caom2:ssysobs>TOPCENT</caom2:ssysobs>
                    <caom2:ssyssrc>TOPCENT</caom2:ssyssrc>
                    <caom2:bandpassName>H</caom2:bandpassName>
                  </caom2:energy>
                  <caom2:time>
                    <caom2:axis>
                      <caom2:axis>
                        <caom2:ctype>TIME</caom2:ctype>
                        <caom2:cunit>d</caom2:cunit>
                      </caom2:axis>
                      <caom2:range>
                        <caom2:start>
                          <caom2:pix>0.5</caom2:pix>
                          <caom2:val>54572.417592592596</caom2:val>
                        </caom2:start>
                        <caom2:end>
                          <caom2:pix>1.5</caom2:pix>
                          <caom2:val>54572.41767361111</caom2:val>
                        </caom2:end>
                      </caom2:range>
                      <caom2:function>
                        <caom2:naxis>1</caom2:naxis>
                        <caom2:delta>6.765</caom2:delta>
                        <caom2:refCoord>
                          <caom2:pix>0.5</caom2:pix>
                          <caom2:val>54572.417592592596</caom2:val>
                        </caom2:refCoord>
                      </caom2:function>
                    </caom2:axis>
                    <caom2:timesys>UTC</caom2:timesys>
                    <caom2:trefpos>TOPOCENTER</caom2:trefpos>
                    <caom2:exposure>6.765</caom2:exposure>
                    <caom2:resolution>0.1</caom2:resolution>
                  </caom2:time>
                </caom2:chunk>
              </caom2:chunks>
            </caom2:part>
          </caom2:parts>
        </caom2:artifact>
      </caom2:artifacts>
    </caom2:plane>
  </caom2:planes>
</caom2:Observation>
