<?xml version='1.0' encoding='UTF-8'?>
<caom2:Observation xmlns:caom2="http://www.opencadc.org/caom2/xml/v2.3" xmlns:xsi="http://www.w3.org/2001/XMLSchema-instance" xsi:type="caom2:CompositeObservation" caom2:id="00000000-0000-0000-9e09-bc714383f234">
  <caom2:collection>OMM</caom2:collection>
  <caom2:observationID>C100521_domeflat_K</caom2:observationID>
  <caom2:metaRelease>2010-05-22T00:00:00.000</caom2:metaRelease>
  <caom2:algorithm>
    <caom2:name>composite</caom2:name>
  </caom2:algorithm>
  <caom2:type>flat</caom2:type>
  <caom2:intent>calibration</caom2:intent>
  <caom2:instrument>
    <caom2:name>CPAPIR</caom2:name>
  </caom2:instrument>
  <caom2:planes>
    <caom2:plane caom2:id="00000000-0000-0000-914c-7332ae8c425c">
      <caom2:productID>C100521_domeflat_K_CALRED</caom2:productID>
      <caom2:metaRelease>2010-05-22T00:00:00.000</caom2:metaRelease>
      <caom2:dataRelease>2010-05-22T00:00:00.000</caom2:dataRelease>
      <caom2:dataProductType>image</caom2:dataProductType>
      <caom2:calibrationLevel>1</caom2:calibrationLevel>
      <caom2:provenance>
        <caom2:name>CPAPIR</caom2:name>
        <caom2:inputs>
          <caom2:planeURI>caom:OMM/C100521_0241/C100521_0241_CAL</caom2:planeURI>
          <caom2:planeURI>caom:OMM/C100521_0245/C100521_0245_CAL</caom2:planeURI>
          <caom2:planeURI>caom:OMM/C100521_0290/C100521_0290_CAL</caom2:planeURI>
          <caom2:planeURI>caom:OMM/C100521_0294/C100521_0294_CAL</caom2:planeURI>
          <caom2:planeURI>caom:OMM/C100521_0238/C100521_0238_CAL</caom2:planeURI>
          <caom2:planeURI>caom:OMM/C100521_0297/C100521_0297_CAL</caom2:planeURI>
          <caom2:planeURI>caom:OMM/C100521_0300/C100521_0300_CAL</caom2:planeURI>
          <caom2:planeURI>caom:OMM/C100521_0299/C100521_0299_CAL</caom2:planeURI>
          <caom2:planeURI>caom:OMM/C100521_0295/C100521_0295_CAL</caom2:planeURI>
          <caom2:planeURI>caom:OMM/C100521_0298/C100521_0298_CAL</caom2:planeURI>
          <caom2:planeURI>caom:OMM/C100521_0296/C100521_0296_CAL</caom2:planeURI>
          <caom2:planeURI>caom:OMM/C100521_0236/C100521_0236_CAL</caom2:planeURI>
          <caom2:planeURI>caom:OMM/C100521_0237/C100521_0237_CAL</caom2:planeURI>
          <caom2:planeURI>caom:OMM/C100521_0291/C100521_0291_CAL</caom2:planeURI>
          <caom2:planeURI>caom:OMM/C100521_0239/C100521_0239_CAL</caom2:planeURI>
          <caom2:planeURI>caom:OMM/C100521_0244/C100521_0244_CAL</caom2:planeURI>
          <caom2:planeURI>caom:OMM/C100521_0240/C100521_0240_CAL</caom2:planeURI>
          <caom2:planeURI>caom:OMM/C100521_0242/C100521_0242_CAL</caom2:planeURI>
          <caom2:planeURI>caom:OMM/C100521_0243/C100521_0243_CAL</caom2:planeURI>
          <caom2:planeURI>caom:OMM/C100521_0292/C100521_0292_CAL</caom2:planeURI>
          <caom2:planeURI>caom:OMM/C100521_0235/C100521_0235_CAL</caom2:planeURI>
          <caom2:planeURI>caom:OMM/C100521_0293/C100521_0293_CAL</caom2:planeURI>
        </caom2:inputs>
      </caom2:provenance>
      <caom2:artifacts>
        <caom2:artifact caom2:id="00000000-0000-0000-956c-db9cc9cacb5f">
          <caom2:uri>ad:OMM/C100521_domeflat_K_CALRED.fits.gz</caom2:uri>
          <caom2:productType>calibration</caom2:productType>
          <caom2:releaseType>data</caom2:releaseType>
          <caom2:contentType>application/fits</caom2:contentType>
          <caom2:contentChecksum>md5:e330482de75d5c4c88ce6f6ef99035ea</caom2:contentChecksum>
          <caom2:parts>
            <caom2:part caom2:id="00000000-0000-0000-a2f4-ea9a8e68a37a">
              <caom2:name>0</caom2:name>
              <caom2:productType>calibration</caom2:productType>
              <caom2:chunks>
                <caom2:chunk caom2:id="00000000-0000-0000-92c8-0f669c083235">
                  <caom2:productType>calibration</caom2:productType>
                </caom2:chunk>
              </caom2:chunks>
            </caom2:part>
          </caom2:parts>
        </caom2:artifact>
      </caom2:artifacts>
    </caom2:plane>
  </caom2:planes>
  <caom2:members>
    <caom2:observationURI>caom:OMM/C100521_0292</caom2:observationURI>
    <caom2:observationURI>caom:OMM/C100521_0239</caom2:observationURI>
    <caom2:observationURI>caom:OMM/C100521_0295</caom2:observationURI>
    <caom2:observationURI>caom:OMM/C100521_0299</caom2:observationURI>
    <caom2:observationURI>caom:OMM/C100521_0290</caom2:observationURI>
    <caom2:observationURI>caom:OMM/C100521_0238</caom2:observationURI>
    <caom2:observationURI>caom:OMM/C100521_0296</caom2:observationURI>
    <caom2:observationURI>caom:OMM/C100521_0243</caom2:observationURI>
    <caom2:observationURI>caom:OMM/C100521_0298</caom2:observationURI>
    <caom2:observationURI>caom:OMM/C100521_0294</caom2:observationURI>
    <caom2:observationURI>caom:OMM/C100521_0293</caom2:observationURI>
    <caom2:observationURI>caom:OMM/C100521_0240</caom2:observationURI>
    <caom2:observationURI>caom:OMM/C100521_0241</caom2:observationURI>
    <caom2:observationURI>caom:OMM/C100521_0236</caom2:observationURI>
    <caom2:observationURI>caom:OMM/C100521_0291</caom2:observationURI>
    <caom2:observationURI>caom:OMM/C100521_0300</caom2:observationURI>
    <caom2:observationURI>caom:OMM/C100521_0235</caom2:observationURI>
    <caom2:observationURI>caom:OMM/C100521_0237</caom2:observationURI>
    <caom2:observationURI>caom:OMM/C100521_0297</caom2:observationURI>
    <caom2:observationURI>caom:OMM/C100521_0244</caom2:observationURI>
    <caom2:observationURI>caom:OMM/C100521_0245</caom2:observationURI>
    <caom2:observationURI>caom:OMM/C100521_0242</caom2:observationURI>
  </caom2:members>
</caom2:Observation>
