<?xml version='1.0' encoding='UTF-8'?>
<caom2:Observation xmlns:caom2="http://www.opencadc.org/caom2/xml/v2.3" xmlns:xsi="http://www.w3.org/2001/XMLSchema-instance" xsi:type="caom2:CompositeObservation" caom2:id="ec0e6150-7f01-4800-a0ef-c40a34b53a2c">
  <caom2:collection>OMM</caom2:collection>
  <caom2:observationID>C101116_QSO2251+158_I</caom2:observationID>
  <caom2:metaRelease>2010-11-16T18:02:49.000</caom2:metaRelease>
  <caom2:algorithm>
    <caom2:name>composite</caom2:name>
  </caom2:algorithm>
  <caom2:type>reduc</caom2:type>
  <caom2:intent>science</caom2:intent>
  <caom2:target>
    <caom2:name>QSO2251+158</caom2:name>
    <caom2:type>object</caom2:type>
    <caom2:standard>false</caom2:standard>
    <caom2:moving>false</caom2:moving>
  </caom2:target>
  <caom2:targetPosition>
    <caom2:coordsys>ICRS</caom2:coordsys>
    <caom2:equinox>2000.0</caom2:equinox>
    <caom2:coordinates>
      <caom2:cval1>343.462341941</caom2:cval1>
      <caom2:cval2>16.1741507367</caom2:cval2>
    </caom2:coordinates>
  </caom2:targetPosition>
  <caom2:telescope>
    <caom2:name>OMM-1.6m</caom2:name>
    <caom2:geoLocationX>1448028.9338499117</caom2:geoLocationX>
    <caom2:geoLocationY>-4242093.453508253</caom2:geoLocationY>
    <caom2:geoLocationZ>4523795.338238991</caom2:geoLocationZ>
  </caom2:telescope>
  <caom2:instrument>
    <caom2:name>CPAPIR</caom2:name>
    <caom2:keywords>
      <caom2:keyword>DETECTOR=CPAPIR-HAWAII-2</caom2:keyword>
    </caom2:keywords>
  </caom2:instrument>
  <caom2:environment>
    <caom2:ambientTemp>3.26667</caom2:ambientTemp>
  </caom2:environment>
  <caom2:planes>
    <caom2:plane caom2:id="d3cbcd0e-8c87-476a-b839-5e087244a4c8">
      <caom2:productID>C101116_QSO2251+158_I_SCIRED</caom2:productID>
      <caom2:metaRelease>2010-11-16T23:02:49.000</caom2:metaRelease>
      <caom2:dataRelease>2012-05-17T00:00:00.000</caom2:dataRelease>
      <caom2:dataProductType>image</caom2:dataProductType>
      <caom2:calibrationLevel>2</caom2:calibrationLevel>
      <caom2:provenance>
        <caom2:name>CPAPIR</caom2:name>
        <caom2:version>1.0</caom2:version>
        <caom2:project>Standard Pipeline</caom2:project>
        <caom2:producer>LAE</caom2:producer>
        <caom2:runID>101116</caom2:runID>
        <caom2:reference>http://omm-astro.ca</caom2:reference>
        <caom2:inputs>
          <caom2:planeURI>caom:OMM/C101116_0049/C101116_0049_SCI</caom2:planeURI>
          <caom2:planeURI>caom:OMM/C101116_0053/C101116_0053_SCI</caom2:planeURI>
          <caom2:planeURI>caom:OMM/C101116_0044/C101116_0044_SCI</caom2:planeURI>
          <caom2:planeURI>caom:OMM/C101116_0041/C101116_0041_SCI</caom2:planeURI>
          <caom2:planeURI>caom:OMM/C101116_0057/C101116_0057_SCI</caom2:planeURI>
          <caom2:planeURI>caom:OMM/C101116_0051/C101116_0051_SCI</caom2:planeURI>
          <caom2:planeURI>caom:OMM/C101116_0048/C101116_0048_SCI</caom2:planeURI>
          <caom2:planeURI>caom:OMM/C101116_0055/C101116_0055_SCI</caom2:planeURI>
          <caom2:planeURI>caom:OMM/C101116_0042/C101116_0042_SCI</caom2:planeURI>
          <caom2:planeURI>caom:OMM/C101116_0045/C101116_0045_SCI</caom2:planeURI>
          <caom2:planeURI>caom:OMM/C101116_0054/C101116_0054_SCI</caom2:planeURI>
          <caom2:planeURI>caom:OMM/C101116_0062/C101116_0062_SCI</caom2:planeURI>
          <caom2:planeURI>caom:OMM/C101116_0043/C101116_0043_SCI</caom2:planeURI>
          <caom2:planeURI>caom:OMM/C101116_0060/C101116_0060_SCI</caom2:planeURI>
          <caom2:planeURI>caom:OMM/C101116_0063/C101116_0063_SCI</caom2:planeURI>
          <caom2:planeURI>caom:OMM/C101116_0059/C101116_0059_SCI</caom2:planeURI>
          <caom2:planeURI>caom:OMM/C101116_0052/C101116_0052_SCI</caom2:planeURI>
          <caom2:planeURI>caom:OMM/C101116_0067/C101116_0067_SCI</caom2:planeURI>
          <caom2:planeURI>caom:OMM/C101116_0058/C101116_0058_SCI</caom2:planeURI>
          <caom2:planeURI>caom:OMM/C101116_0065/C101116_0065_SCI</caom2:planeURI>
          <caom2:planeURI>caom:OMM/C101116_0061/C101116_0061_SCI</caom2:planeURI>
          <caom2:planeURI>caom:OMM/C101116_0066/C101116_0066_SCI</caom2:planeURI>
          <caom2:planeURI>caom:OMM/C101116_0050/C101116_0050_SCI</caom2:planeURI>
          <caom2:planeURI>caom:OMM/C101116_0064/C101116_0064_SCI</caom2:planeURI>
          <caom2:planeURI>caom:OMM/C101116_0047/C101116_0047_SCI</caom2:planeURI>
          <caom2:planeURI>caom:OMM/C101116_0046/C101116_0046_SCI</caom2:planeURI>
          <caom2:planeURI>caom:OMM/C101116_0056/C101116_0056_SCI</caom2:planeURI>
        </caom2:inputs>
      </caom2:provenance>
      <caom2:artifacts>
        <caom2:artifact caom2:id="fab4015e-6555-4a8a-a299-21fdae69c892">
          <caom2:uri>ad:OMM/C101116_QSO2251+158_I_SCIRED.fits.gz</caom2:uri>
          <caom2:productType>science</caom2:productType>
          <caom2:releaseType>data</caom2:releaseType>
          <caom2:contentType>application/fits</caom2:contentType>
          <caom2:contentChecksum>md5:e330482de75d5c4c88ce6f6ef99035ea</caom2:contentChecksum>
          <caom2:parts>
            <caom2:part caom2:id="b8f14811-4c1d-4ec5-b910-e6909f922643">
              <caom2:name>0</caom2:name>
              <caom2:productType>science</caom2:productType>
              <caom2:chunks>
                <caom2:chunk caom2:id="eb7125b6-7f9a-4535-b687-fbd0e0cb8d61">
                  <caom2:productType>science</caom2:productType>
                  <caom2:naxis>2</caom2:naxis>
                  <caom2:positionAxis1>1</caom2:positionAxis1>
                  <caom2:positionAxis2>2</caom2:positionAxis2>
                  <caom2:position>
                    <caom2:axis>
                      <caom2:axis1>
                        <caom2:ctype>RA---TAN</caom2:ctype>
                        <caom2:cunit>deg</caom2:cunit>
                      </caom2:axis1>
                      <caom2:axis2>
                        <caom2:ctype>DEC--TAN</caom2:ctype>
                        <caom2:cunit>deg</caom2:cunit>
                      </caom2:axis2>
                      <caom2:error1>
                        <caom2:syser>0.0</caom2:syser>
                        <caom2:rnder>1.42399153148</caom2:rnder>
                      </caom2:error1>
                      <caom2:error2>
                        <caom2:syser>0.0</caom2:syser>
                        <caom2:rnder>1.42399153148</caom2:rnder>
                      </caom2:error2>
                      <caom2:function>
                        <caom2:dimension>
                          <caom2:naxis1>2437</caom2:naxis1>
                          <caom2:naxis2>2396</caom2:naxis2>
                        </caom2:dimension>
                        <caom2:refCoord>
                          <caom2:coord1>
                            <caom2:pix>1198.0</caom2:pix>
                            <caom2:val>343.4761442597793</caom2:val>
                          </caom2:coord1>
                          <caom2:coord2>
                            <caom2:pix>1218.5</caom2:pix>
                            <caom2:val>16.18275830702186</caom2:val>
                          </caom2:coord2>
                        </caom2:refCoord>
                        <caom2:cd11>-0.00022222222222222</caom2:cd11>
                        <caom2:cd12>0.0</caom2:cd12>
                        <caom2:cd21>0.0</caom2:cd21>
                        <caom2:cd22>0.000222222222222222</caom2:cd22>
                      </caom2:function>
                    </caom2:axis>
                    <caom2:coordsys>ICRS</caom2:coordsys>
                    <caom2:equinox>2000.0</caom2:equinox>
                    <caom2:resolution>2.189672609844808</caom2:resolution>
                  </caom2:position>
                  <caom2:energy>
                    <caom2:axis>
                      <caom2:axis>
                        <caom2:ctype>WAVE</caom2:ctype>
                        <caom2:cunit>um</caom2:cunit>
                      </caom2:axis>
                      <caom2:range>
                        <caom2:start>
                          <caom2:pix>0.5</caom2:pix>
                          <caom2:val>0.7999999999999999</caom2:val>
                        </caom2:start>
                        <caom2:end>
                          <caom2:pix>1.5</caom2:pix>
                          <caom2:val>0.9</caom2:val>
                        </caom2:end>
                      </caom2:range>
                    </caom2:axis>
                    <caom2:specsys>TOPOCENT</caom2:specsys>
                    <caom2:ssysobs>TOPOCENT</caom2:ssysobs>
                    <caom2:ssyssrc>TOPOCENT</caom2:ssyssrc>
                    <caom2:bandpassName>I</caom2:bandpassName>
                  </caom2:energy>
                  <caom2:time>
                    <caom2:axis>
                      <caom2:axis>
                        <caom2:ctype>TIME</caom2:ctype>
                        <caom2:cunit>d</caom2:cunit>
                      </caom2:axis>
                      <caom2:range>
                        <caom2:start>
                          <caom2:pix>0.5</caom2:pix>
                          <caom2:val>55516.96028935185</caom2:val>
                        </caom2:start>
                        <caom2:end>
                          <caom2:pix>1.5</caom2:pix>
                          <caom2:val>55516.9725462963</caom2:val>
                        </caom2:end>
                      </caom2:range>
                      <caom2:function>
                        <caom2:naxis>1</caom2:naxis>
                        <caom2:delta>876.9509999999999</caom2:delta>
                        <caom2:refCoord>
                          <caom2:pix>0.5</caom2:pix>
                          <caom2:val>55516.96028935185</caom2:val>
                        </caom2:refCoord>
                      </caom2:function>
                    </caom2:axis>
                    <caom2:timesys>UTC</caom2:timesys>
                    <caom2:trefpos>TOPOCENTER</caom2:trefpos>
                    <caom2:exposure>876.9509999999999</caom2:exposure>
                    <caom2:resolution>0.1</caom2:resolution>
                  </caom2:time>
                </caom2:chunk>
              </caom2:chunks>
            </caom2:part>
          </caom2:parts>
        </caom2:artifact>
      </caom2:artifacts>
    </caom2:plane>
  </caom2:planes>
  <caom2:members>
    <caom2:observationURI>caom:OMM/C101116_0045</caom2:observationURI>
    <caom2:observationURI>caom:OMM/C101116_0057</caom2:observationURI>
    <caom2:observationURI>caom:OMM/C101116_0060</caom2:observationURI>
    <caom2:observationURI>caom:OMM/C101116_0056</caom2:observationURI>
    <caom2:observationURI>caom:OMM/C101116_0042</caom2:observationURI>
    <caom2:observationURI>caom:OMM/C101116_0048</caom2:observationURI>
    <caom2:observationURI>caom:OMM/C101116_0051</caom2:observationURI>
    <caom2:observationURI>caom:OMM/C101116_0044</caom2:observationURI>
    <caom2:observationURI>caom:OMM/C101116_0065</caom2:observationURI>
    <caom2:observationURI>caom:OMM/C101116_0061</caom2:observationURI>
    <caom2:observationURI>caom:OMM/C101116_0041</caom2:observationURI>
    <caom2:observationURI>caom:OMM/C101116_0049</caom2:observationURI>
    <caom2:observationURI>caom:OMM/C101116_0050</caom2:observationURI>
    <caom2:observationURI>caom:OMM/C101116_0052</caom2:observationURI>
    <caom2:observationURI>caom:OMM/C101116_0059</caom2:observationURI>
    <caom2:observationURI>caom:OMM/C101116_0053</caom2:observationURI>
    <caom2:observationURI>caom:OMM/C101116_0067</caom2:observationURI>
    <caom2:observationURI>caom:OMM/C101116_0063</caom2:observationURI>
    <caom2:observationURI>caom:OMM/C101116_0046</caom2:observationURI>
    <caom2:observationURI>caom:OMM/C101116_0064</caom2:observationURI>
    <caom2:observationURI>caom:OMM/C101116_0043</caom2:observationURI>
    <caom2:observationURI>caom:OMM/C101116_0047</caom2:observationURI>
    <caom2:observationURI>caom:OMM/C101116_0066</caom2:observationURI>
    <caom2:observationURI>caom:OMM/C101116_0055</caom2:observationURI>
    <caom2:observationURI>caom:OMM/C101116_0054</caom2:observationURI>
    <caom2:observationURI>caom:OMM/C101116_0062</caom2:observationURI>
    <caom2:observationURI>caom:OMM/C101116_0058</caom2:observationURI>
  </caom2:members>
</caom2:Observation>
