<?xml version='1.0' encoding='UTF-8'?>
<caom2:Observation xmlns:caom2="http://www.opencadc.org/caom2/xml/v2.3" xmlns:xsi="http://www.w3.org/2001/XMLSchema-instance" xsi:type="caom2:CompositeObservation" caom2:id="00000000-0000-0000-bcd7-3bcbd887a061">
  <caom2:collection>OMM</caom2:collection>
  <caom2:observationID>C120402_domeflat_J</caom2:observationID>
  <caom2:metaRelease>2012-04-03T06:02:31.000</caom2:metaRelease>
  <caom2:algorithm>
    <caom2:name>composite</caom2:name>
  </caom2:algorithm>
  <caom2:type>flat</caom2:type>
  <caom2:intent>calibration</caom2:intent>
  <caom2:target>
    <caom2:name>domeflat</caom2:name>
    <caom2:type>object</caom2:type>
    <caom2:standard>false</caom2:standard>
    <caom2:moving>false</caom2:moving>
  </caom2:target>
  <caom2:targetPosition>
    <caom2:coordsys>ICRS</caom2:coordsys>
    <caom2:equinox>2000.0</caom2:equinox>
    <caom2:coordinates>
      <caom2:cval1>205.586865</caom2:cval1>
      <caom2:cval2>28.426319</caom2:cval2>
    </caom2:coordinates>
  </caom2:targetPosition>
  <caom2:telescope>
    <caom2:name>OMM-1.6m</caom2:name>
    <caom2:geoLocationX>1448028.9616748542</caom2:geoLocationX>
    <caom2:geoLocationY>-4242093.481212275</caom2:geoLocationY>
    <caom2:geoLocationZ>4523795.303587095</caom2:geoLocationZ>
  </caom2:telescope>
  <caom2:instrument>
    <caom2:name>CPAPIR</caom2:name>
    <caom2:keywords>
      <caom2:keyword>DETECTOR=CPAPIR-HAWAII-2</caom2:keyword>
    </caom2:keywords>
  </caom2:instrument>
  <caom2:planes>
    <caom2:plane caom2:id="00000000-0000-0000-84c0-b308ffed6f9a">
      <caom2:productID>C120402_domeflat_J_CALRED</caom2:productID>
      <caom2:metaRelease>2012-04-03T10:02:31.000</caom2:metaRelease>
      <caom2:dataRelease>2013-10-02T00:00:00.000</caom2:dataRelease>
      <caom2:dataProductType>image</caom2:dataProductType>
      <caom2:calibrationLevel>1</caom2:calibrationLevel>
      <caom2:provenance>
        <caom2:name>CPAPIR</caom2:name>
        <caom2:version>1.0</caom2:version>
        <caom2:project>Standard Pipeline</caom2:project>
        <caom2:producer>LAE</caom2:producer>
        <caom2:runID>120402</caom2:runID>
        <caom2:reference>http://omm-astro.ca</caom2:reference>
        <caom2:inputs>
          <caom2:planeURI>caom:OMM/C120402_0727/C120402_0727_CAL</caom2:planeURI>
          <caom2:planeURI>caom:OMM/C120402_0725/C120402_0725_CAL</caom2:planeURI>
          <caom2:planeURI>caom:OMM/C120402_0719/C120402_0719_CAL</caom2:planeURI>
          <caom2:planeURI>caom:OMM/C120402_0736/C120402_0736_CAL</caom2:planeURI>
          <caom2:planeURI>caom:OMM/C120402_0734/C120402_0734_CAL</caom2:planeURI>
          <caom2:planeURI>caom:OMM/C120402_0726/C120402_0726_CAL</caom2:planeURI>
          <caom2:planeURI>caom:OMM/C120402_0720/C120402_0720_CAL</caom2:planeURI>
          <caom2:planeURI>caom:OMM/C120402_0731/C120402_0731_CAL</caom2:planeURI>
          <caom2:planeURI>caom:OMM/C120402_0735/C120402_0735_CAL</caom2:planeURI>
          <caom2:planeURI>caom:OMM/C120402_0732/C120402_0732_CAL</caom2:planeURI>
          <caom2:planeURI>caom:OMM/C120402_0723/C120402_0723_CAL</caom2:planeURI>
          <caom2:planeURI>caom:OMM/C120402_0718/C120402_0718_CAL</caom2:planeURI>
          <caom2:planeURI>caom:OMM/C120402_0722/C120402_0722_CAL</caom2:planeURI>
          <caom2:planeURI>caom:OMM/C120402_0729/C120402_0729_CAL</caom2:planeURI>
          <caom2:planeURI>caom:OMM/C120402_0716/C120402_0716_CAL</caom2:planeURI>
          <caom2:planeURI>caom:OMM/C120402_0728/C120402_0728_CAL</caom2:planeURI>
          <caom2:planeURI>caom:OMM/C120402_0717/C120402_0717_CAL</caom2:planeURI>
          <caom2:planeURI>caom:OMM/C120402_0733/C120402_0733_CAL</caom2:planeURI>
          <caom2:planeURI>caom:OMM/C120402_0730/C120402_0730_CAL</caom2:planeURI>
          <caom2:planeURI>caom:OMM/C120402_0721/C120402_0721_CAL</caom2:planeURI>
          <caom2:planeURI>caom:OMM/C120402_0715/C120402_0715_CAL</caom2:planeURI>
          <caom2:planeURI>caom:OMM/C120402_0724/C120402_0724_CAL</caom2:planeURI>
        </caom2:inputs>
      </caom2:provenance>
      <caom2:artifacts>
        <caom2:artifact caom2:id="00000000-0000-0000-82bf-c16a6ea3917b">
          <caom2:uri>ad:OMM/C120402_domeflat_J_CALRED.fits.gz</caom2:uri>
          <caom2:productType>calibration</caom2:productType>
          <caom2:releaseType>data</caom2:releaseType>
          <caom2:contentType>application/fits</caom2:contentType>
          <caom2:contentChecksum>md5:e330482de75d5c4c88ce6f6ef99035ea</caom2:contentChecksum>
          <caom2:parts>
            <caom2:part caom2:id="00000000-0000-0000-8064-454f6811eaea">
              <caom2:name>0</caom2:name>
              <caom2:productType>calibration</caom2:productType>
              <caom2:chunks>
                <caom2:chunk caom2:id="00000000-0000-0000-8b0f-a08046783554">
                  <caom2:productType>calibration</caom2:productType>
                  <caom2:energy>
                    <caom2:axis>
                      <caom2:axis>
                        <caom2:ctype>WAVE</caom2:ctype>
                        <caom2:cunit>um</caom2:cunit>
                      </caom2:axis>
                      <caom2:range>
                        <caom2:start>
                          <caom2:pix>0.5</caom2:pix>
                          <caom2:val>1.17</caom2:val>
                        </caom2:start>
                        <caom2:end>
                          <caom2:pix>1.5</caom2:pix>
                          <caom2:val>1.33</caom2:val>
                        </caom2:end>
                      </caom2:range>
                    </caom2:axis>
                    <caom2:specsys>TOPCENT</caom2:specsys>
                    <caom2:ssysobs>TOPCENT</caom2:ssysobs>
                    <caom2:ssyssrc>TOPCENT</caom2:ssyssrc>
                    <caom2:bandpassName>J</caom2:bandpassName>
                  </caom2:energy>
                  <caom2:time>
                    <caom2:axis>
                      <caom2:axis>
                        <caom2:ctype>TIME</caom2:ctype>
                        <caom2:cunit>d</caom2:cunit>
                      </caom2:axis>
                      <caom2:range>
                        <caom2:start>
                          <caom2:pix>0.5</caom2:pix>
                          <caom2:val>56020.9184144</caom2:val>
                        </caom2:start>
                        <caom2:end>
                          <caom2:pix>1.5</caom2:pix>
                          <caom2:val>56020.9208102</caom2:val>
                        </caom2:end>
                      </caom2:range>
                      <caom2:function>
                        <caom2:naxis>1</caom2:naxis>
                        <caom2:delta>178.607000351</caom2:delta>
                        <caom2:refCoord>
                          <caom2:pix>0.5</caom2:pix>
                          <caom2:val>56020.9184144</caom2:val>
                        </caom2:refCoord>
                      </caom2:function>
                    </caom2:axis>
                    <caom2:timesys>UTC</caom2:timesys>
                    <caom2:trefpos>TOPOCENTER</caom2:trefpos>
                    <caom2:exposure>178.607000351</caom2:exposure>
                    <caom2:resolution>0.1</caom2:resolution>
                  </caom2:time>
                </caom2:chunk>
              </caom2:chunks>
            </caom2:part>
          </caom2:parts>
        </caom2:artifact>
      </caom2:artifacts>
    </caom2:plane>
  </caom2:planes>
  <caom2:members>
    <caom2:observationURI>caom:OMM/C120402_0730</caom2:observationURI>
    <caom2:observationURI>caom:OMM/C120402_0725</caom2:observationURI>
    <caom2:observationURI>caom:OMM/C120402_0719</caom2:observationURI>
    <caom2:observationURI>caom:OMM/C120402_0723</caom2:observationURI>
    <caom2:observationURI>caom:OMM/C120402_0729</caom2:observationURI>
    <caom2:observationURI>caom:OMM/C120402_0736</caom2:observationURI>
    <caom2:observationURI>caom:OMM/C120402_0728</caom2:observationURI>
    <caom2:observationURI>caom:OMM/C120402_0721</caom2:observationURI>
    <caom2:observationURI>caom:OMM/C120402_0722</caom2:observationURI>
    <caom2:observationURI>caom:OMM/C120402_0716</caom2:observationURI>
    <caom2:observationURI>caom:OMM/C120402_0720</caom2:observationURI>
    <caom2:observationURI>caom:OMM/C120402_0732</caom2:observationURI>
    <caom2:observationURI>caom:OMM/C120402_0735</caom2:observationURI>
    <caom2:observationURI>caom:OMM/C120402_0717</caom2:observationURI>
    <caom2:observationURI>caom:OMM/C120402_0724</caom2:observationURI>
    <caom2:observationURI>caom:OMM/C120402_0726</caom2:observationURI>
    <caom2:observationURI>caom:OMM/C120402_0734</caom2:observationURI>
    <caom2:observationURI>caom:OMM/C120402_0718</caom2:observationURI>
    <caom2:observationURI>caom:OMM/C120402_0727</caom2:observationURI>
    <caom2:observationURI>caom:OMM/C120402_0731</caom2:observationURI>
    <caom2:observationURI>caom:OMM/C120402_0715</caom2:observationURI>
    <caom2:observationURI>caom:OMM/C120402_0733</caom2:observationURI>
  </caom2:members>
</caom2:Observation>
