<?xml version='1.0' encoding='UTF-8'?>
<caom2:Observation xmlns:caom2="http://www.opencadc.org/caom2/xml/v2.3" xmlns:xsi="http://www.w3.org/2001/XMLSchema-instance" xsi:type="caom2:CompositeObservation" caom2:id="00000000-0000-0000-8840-de9fcefb0b89">
  <caom2:collection>OMM</caom2:collection>
  <caom2:observationID>C160929_NGC7419_K</caom2:observationID>
  <caom2:metaRelease>2016-09-30T00:08:22.000</caom2:metaRelease>
  <caom2:algorithm>
    <caom2:name>composite</caom2:name>
  </caom2:algorithm>
  <caom2:type>reduc</caom2:type>
  <caom2:intent>science</caom2:intent>
  <caom2:target>
    <caom2:name>NGC7419</caom2:name>
    <caom2:type>object</caom2:type>
    <caom2:standard>false</caom2:standard>
    <caom2:moving>false</caom2:moving>
  </caom2:target>
  <caom2:targetPosition>
    <caom2:coordsys>ICRS</caom2:coordsys>
    <caom2:equinox>2000.0</caom2:equinox>
    <caom2:coordinates>
      <caom2:cval1>343.643920133</caom2:cval1>
      <caom2:cval2>60.9199764994</caom2:cval2>
    </caom2:coordinates>
  </caom2:targetPosition>
  <caom2:telescope>
    <caom2:name>OMM-1.6m</caom2:name>
    <caom2:geoLocationX>1448028.9616748542</caom2:geoLocationX>
    <caom2:geoLocationY>-4242093.481212275</caom2:geoLocationY>
    <caom2:geoLocationZ>4523795.303587095</caom2:geoLocationZ>
  </caom2:telescope>
  <caom2:instrument>
    <caom2:name>CPAPIR</caom2:name>
    <caom2:keywords>
      <caom2:keyword>DETECTOR=CPAPIR-HAWAII-2</caom2:keyword>
    </caom2:keywords>
  </caom2:instrument>
  <caom2:environment>
    <caom2:ambientTemp>6.425</caom2:ambientTemp>
  </caom2:environment>
  <caom2:planes>
    <caom2:plane caom2:id="00000000-0000-0000-ac87-c2a59da4d4b1">
      <caom2:productID>C160929_NGC7419_K_SCIRED</caom2:productID>
      <caom2:metaRelease>2016-09-30T04:08:22.000</caom2:metaRelease>
      <caom2:dataRelease>2018-03-31T00:00:00.000</caom2:dataRelease>
      <caom2:dataProductType>image</caom2:dataProductType>
      <caom2:calibrationLevel>2</caom2:calibrationLevel>
      <caom2:provenance>
        <caom2:name>CPAPIR</caom2:name>
        <caom2:version>1.0</caom2:version>
        <caom2:project>Standard Pipeline</caom2:project>
        <caom2:producer>LAE</caom2:producer>
        <caom2:runID>160929</caom2:runID>
        <caom2:reference>http://omm-astro.ca</caom2:reference>
        <caom2:inputs>
          <caom2:planeURI>caom:OMM/C160929_0395/C160929_0395_SCI</caom2:planeURI>
          <caom2:planeURI>caom:OMM/C160929_0387/C160929_0387_SCI</caom2:planeURI>
          <caom2:planeURI>caom:OMM/C160929_0321/C160929_0321_SCI</caom2:planeURI>
          <caom2:planeURI>caom:OMM/C160929_0287/C160929_0287_SCI</caom2:planeURI>
          <caom2:planeURI>caom:OMM/C160929_0341/C160929_0341_SCI</caom2:planeURI>
          <caom2:planeURI>caom:OMM/C160929_0411/C160929_0411_SCI</caom2:planeURI>
          <caom2:planeURI>caom:OMM/C160929_0401/C160929_0401_SCI</caom2:planeURI>
          <caom2:planeURI>caom:OMM/C160929_0390/C160929_0390_SCI</caom2:planeURI>
          <caom2:planeURI>caom:OMM/C160929_0346/C160929_0346_SCI</caom2:planeURI>
          <caom2:planeURI>caom:OMM/C160929_0391/C160929_0391_SCI</caom2:planeURI>
          <caom2:planeURI>caom:OMM/C160929_0301/C160929_0301_SCI</caom2:planeURI>
          <caom2:planeURI>caom:OMM/C160929_0324/C160929_0324_SCI</caom2:planeURI>
          <caom2:planeURI>caom:OMM/C160929_0328/C160929_0328_SCI</caom2:planeURI>
          <caom2:planeURI>caom:OMM/C160929_0383/C160929_0383_SCI</caom2:planeURI>
          <caom2:planeURI>caom:OMM/C160929_0364/C160929_0364_SCI</caom2:planeURI>
          <caom2:planeURI>caom:OMM/C160929_0316/C160929_0316_SCI</caom2:planeURI>
          <caom2:planeURI>caom:OMM/C160929_0331/C160929_0331_SCI</caom2:planeURI>
          <caom2:planeURI>caom:OMM/C160929_0288/C160929_0288_SCI</caom2:planeURI>
          <caom2:planeURI>caom:OMM/C160929_0291/C160929_0291_SCI</caom2:planeURI>
          <caom2:planeURI>caom:OMM/C160929_0326/C160929_0326_SCI</caom2:planeURI>
          <caom2:planeURI>caom:OMM/C160929_0392/C160929_0392_SCI</caom2:planeURI>
          <caom2:planeURI>caom:OMM/C160929_0304/C160929_0304_SCI</caom2:planeURI>
          <caom2:planeURI>caom:OMM/C160929_0343/C160929_0343_SCI</caom2:planeURI>
          <caom2:planeURI>caom:OMM/C160929_0376/C160929_0376_SCI</caom2:planeURI>
          <caom2:planeURI>caom:OMM/C160929_0342/C160929_0342_SCI</caom2:planeURI>
          <caom2:planeURI>caom:OMM/C160929_0285/C160929_0285_SCI</caom2:planeURI>
          <caom2:planeURI>caom:OMM/C160929_0356/C160929_0356_SCI</caom2:planeURI>
          <caom2:planeURI>caom:OMM/C160929_0286/C160929_0286_SCI</caom2:planeURI>
          <caom2:planeURI>caom:OMM/C160929_0366/C160929_0366_SCI</caom2:planeURI>
          <caom2:planeURI>caom:OMM/C160929_0400/C160929_0400_SCI</caom2:planeURI>
          <caom2:planeURI>caom:OMM/C160929_0306/C160929_0306_SCI</caom2:planeURI>
          <caom2:planeURI>caom:OMM/C160929_0369/C160929_0369_SCI</caom2:planeURI>
          <caom2:planeURI>caom:OMM/C160929_0337/C160929_0337_SCI</caom2:planeURI>
          <caom2:planeURI>caom:OMM/C160929_0413/C160929_0413_SCI</caom2:planeURI>
          <caom2:planeURI>caom:OMM/C160929_0371/C160929_0371_SCI</caom2:planeURI>
          <caom2:planeURI>caom:OMM/C160929_0318/C160929_0318_SCI</caom2:planeURI>
          <caom2:planeURI>caom:OMM/C160929_0414/C160929_0414_SCI</caom2:planeURI>
          <caom2:planeURI>caom:OMM/C160929_0295/C160929_0295_SCI</caom2:planeURI>
          <caom2:planeURI>caom:OMM/C160929_0313/C160929_0313_SCI</caom2:planeURI>
          <caom2:planeURI>caom:OMM/C160929_0294/C160929_0294_SCI</caom2:planeURI>
          <caom2:planeURI>caom:OMM/C160929_0394/C160929_0394_SCI</caom2:planeURI>
          <caom2:planeURI>caom:OMM/C160929_0311/C160929_0311_SCI</caom2:planeURI>
          <caom2:planeURI>caom:OMM/C160929_0379/C160929_0379_SCI</caom2:planeURI>
          <caom2:planeURI>caom:OMM/C160929_0363/C160929_0363_SCI</caom2:planeURI>
          <caom2:planeURI>caom:OMM/C160929_0372/C160929_0372_SCI</caom2:planeURI>
          <caom2:planeURI>caom:OMM/C160929_0370/C160929_0370_SCI</caom2:planeURI>
          <caom2:planeURI>caom:OMM/C160929_0352/C160929_0352_SCI</caom2:planeURI>
          <caom2:planeURI>caom:OMM/C160929_0367/C160929_0367_SCI</caom2:planeURI>
          <caom2:planeURI>caom:OMM/C160929_0357/C160929_0357_SCI</caom2:planeURI>
          <caom2:planeURI>caom:OMM/C160929_0325/C160929_0325_SCI</caom2:planeURI>
          <caom2:planeURI>caom:OMM/C160929_0380/C160929_0380_SCI</caom2:planeURI>
          <caom2:planeURI>caom:OMM/C160929_0315/C160929_0315_SCI</caom2:planeURI>
          <caom2:planeURI>caom:OMM/C160929_0333/C160929_0333_SCI</caom2:planeURI>
          <caom2:planeURI>caom:OMM/C160929_0393/C160929_0393_SCI</caom2:planeURI>
          <caom2:planeURI>caom:OMM/C160929_0348/C160929_0348_SCI</caom2:planeURI>
          <caom2:planeURI>caom:OMM/C160929_0353/C160929_0353_SCI</caom2:planeURI>
          <caom2:planeURI>caom:OMM/C160929_0334/C160929_0334_SCI</caom2:planeURI>
          <caom2:planeURI>caom:OMM/C160929_0350/C160929_0350_SCI</caom2:planeURI>
          <caom2:planeURI>caom:OMM/C160929_0377/C160929_0377_SCI</caom2:planeURI>
          <caom2:planeURI>caom:OMM/C160929_0385/C160929_0385_SCI</caom2:planeURI>
          <caom2:planeURI>caom:OMM/C160929_0317/C160929_0317_SCI</caom2:planeURI>
          <caom2:planeURI>caom:OMM/C160929_0412/C160929_0412_SCI</caom2:planeURI>
          <caom2:planeURI>caom:OMM/C160929_0389/C160929_0389_SCI</caom2:planeURI>
          <caom2:planeURI>caom:OMM/C160929_0282/C160929_0282_SCI</caom2:planeURI>
          <caom2:planeURI>caom:OMM/C160929_0323/C160929_0323_SCI</caom2:planeURI>
          <caom2:planeURI>caom:OMM/C160929_0299/C160929_0299_SCI</caom2:planeURI>
          <caom2:planeURI>caom:OMM/C160929_0381/C160929_0381_SCI</caom2:planeURI>
          <caom2:planeURI>caom:OMM/C160929_0319/C160929_0319_SCI</caom2:planeURI>
          <caom2:planeURI>caom:OMM/C160929_0362/C160929_0362_SCI</caom2:planeURI>
          <caom2:planeURI>caom:OMM/C160929_0355/C160929_0355_SCI</caom2:planeURI>
          <caom2:planeURI>caom:OMM/C160929_0338/C160929_0338_SCI</caom2:planeURI>
          <caom2:planeURI>caom:OMM/C160929_0361/C160929_0361_SCI</caom2:planeURI>
          <caom2:planeURI>caom:OMM/C160929_0327/C160929_0327_SCI</caom2:planeURI>
          <caom2:planeURI>caom:OMM/C160929_0309/C160929_0309_SCI</caom2:planeURI>
          <caom2:planeURI>caom:OMM/C160929_0396/C160929_0396_SCI</caom2:planeURI>
          <caom2:planeURI>caom:OMM/C160929_0416/C160929_0416_SCI</caom2:planeURI>
          <caom2:planeURI>caom:OMM/C160929_0289/C160929_0289_SCI</caom2:planeURI>
          <caom2:planeURI>caom:OMM/C160929_0330/C160929_0330_SCI</caom2:planeURI>
          <caom2:planeURI>caom:OMM/C160929_0329/C160929_0329_SCI</caom2:planeURI>
          <caom2:planeURI>caom:OMM/C160929_0349/C160929_0349_SCI</caom2:planeURI>
          <caom2:planeURI>caom:OMM/C160929_0375/C160929_0375_SCI</caom2:planeURI>
          <caom2:planeURI>caom:OMM/C160929_0360/C160929_0360_SCI</caom2:planeURI>
          <caom2:planeURI>caom:OMM/C160929_0351/C160929_0351_SCI</caom2:planeURI>
          <caom2:planeURI>caom:OMM/C160929_0374/C160929_0374_SCI</caom2:planeURI>
          <caom2:planeURI>caom:OMM/C160929_0284/C160929_0284_SCI</caom2:planeURI>
          <caom2:planeURI>caom:OMM/C160929_0409/C160929_0409_SCI</caom2:planeURI>
          <caom2:planeURI>caom:OMM/C160929_0378/C160929_0378_SCI</caom2:planeURI>
          <caom2:planeURI>caom:OMM/C160929_0340/C160929_0340_SCI</caom2:planeURI>
          <caom2:planeURI>caom:OMM/C160929_0344/C160929_0344_SCI</caom2:planeURI>
          <caom2:planeURI>caom:OMM/C160929_0298/C160929_0298_SCI</caom2:planeURI>
          <caom2:planeURI>caom:OMM/C160929_0332/C160929_0332_SCI</caom2:planeURI>
          <caom2:planeURI>caom:OMM/C160929_0293/C160929_0293_SCI</caom2:planeURI>
          <caom2:planeURI>caom:OMM/C160929_0405/C160929_0405_SCI</caom2:planeURI>
          <caom2:planeURI>caom:OMM/C160929_0296/C160929_0296_SCI</caom2:planeURI>
          <caom2:planeURI>caom:OMM/C160929_0399/C160929_0399_SCI</caom2:planeURI>
          <caom2:planeURI>caom:OMM/C160929_0388/C160929_0388_SCI</caom2:planeURI>
          <caom2:planeURI>caom:OMM/C160929_0398/C160929_0398_SCI</caom2:planeURI>
          <caom2:planeURI>caom:OMM/C160929_0368/C160929_0368_SCI</caom2:planeURI>
          <caom2:planeURI>caom:OMM/C160929_0415/C160929_0415_SCI</caom2:planeURI>
          <caom2:planeURI>caom:OMM/C160929_0345/C160929_0345_SCI</caom2:planeURI>
          <caom2:planeURI>caom:OMM/C160929_0373/C160929_0373_SCI</caom2:planeURI>
          <caom2:planeURI>caom:OMM/C160929_0292/C160929_0292_SCI</caom2:planeURI>
          <caom2:planeURI>caom:OMM/C160929_0397/C160929_0397_SCI</caom2:planeURI>
          <caom2:planeURI>caom:OMM/C160929_0386/C160929_0386_SCI</caom2:planeURI>
          <caom2:planeURI>caom:OMM/C160929_0290/C160929_0290_SCI</caom2:planeURI>
          <caom2:planeURI>caom:OMM/C160929_0402/C160929_0402_SCI</caom2:planeURI>
          <caom2:planeURI>caom:OMM/C160929_0322/C160929_0322_SCI</caom2:planeURI>
          <caom2:planeURI>caom:OMM/C160929_0407/C160929_0407_SCI</caom2:planeURI>
          <caom2:planeURI>caom:OMM/C160929_0303/C160929_0303_SCI</caom2:planeURI>
          <caom2:planeURI>caom:OMM/C160929_0302/C160929_0302_SCI</caom2:planeURI>
          <caom2:planeURI>caom:OMM/C160929_0283/C160929_0283_SCI</caom2:planeURI>
          <caom2:planeURI>caom:OMM/C160929_0312/C160929_0312_SCI</caom2:planeURI>
          <caom2:planeURI>caom:OMM/C160929_0347/C160929_0347_SCI</caom2:planeURI>
          <caom2:planeURI>caom:OMM/C160929_0365/C160929_0365_SCI</caom2:planeURI>
          <caom2:planeURI>caom:OMM/C160929_0297/C160929_0297_SCI</caom2:planeURI>
          <caom2:planeURI>caom:OMM/C160929_0305/C160929_0305_SCI</caom2:planeURI>
          <caom2:planeURI>caom:OMM/C160929_0335/C160929_0335_SCI</caom2:planeURI>
          <caom2:planeURI>caom:OMM/C160929_0336/C160929_0336_SCI</caom2:planeURI>
          <caom2:planeURI>caom:OMM/C160929_0314/C160929_0314_SCI</caom2:planeURI>
          <caom2:planeURI>caom:OMM/C160929_0384/C160929_0384_SCI</caom2:planeURI>
          <caom2:planeURI>caom:OMM/C160929_0408/C160929_0408_SCI</caom2:planeURI>
          <caom2:planeURI>caom:OMM/C160929_0308/C160929_0308_SCI</caom2:planeURI>
          <caom2:planeURI>caom:OMM/C160929_0354/C160929_0354_SCI</caom2:planeURI>
          <caom2:planeURI>caom:OMM/C160929_0403/C160929_0403_SCI</caom2:planeURI>
          <caom2:planeURI>caom:OMM/C160929_0382/C160929_0382_SCI</caom2:planeURI>
          <caom2:planeURI>caom:OMM/C160929_0300/C160929_0300_SCI</caom2:planeURI>
          <caom2:planeURI>caom:OMM/C160929_0320/C160929_0320_SCI</caom2:planeURI>
          <caom2:planeURI>caom:OMM/C160929_0358/C160929_0358_SCI</caom2:planeURI>
          <caom2:planeURI>caom:OMM/C160929_0359/C160929_0359_SCI</caom2:planeURI>
          <caom2:planeURI>caom:OMM/C160929_0339/C160929_0339_SCI</caom2:planeURI>
          <caom2:planeURI>caom:OMM/C160929_0406/C160929_0406_SCI</caom2:planeURI>
          <caom2:planeURI>caom:OMM/C160929_0310/C160929_0310_SCI</caom2:planeURI>
          <caom2:planeURI>caom:OMM/C160929_0307/C160929_0307_SCI</caom2:planeURI>
        </caom2:inputs>
      </caom2:provenance>
      <caom2:artifacts>
        <caom2:artifact caom2:id="00000000-0000-0000-86e0-75768f23872d">
          <caom2:uri>ad:OMM/C160929_NGC7419_K_SCIRED.fits.gz</caom2:uri>
          <caom2:productType>science</caom2:productType>
          <caom2:releaseType>data</caom2:releaseType>
          <caom2:contentType>application/fits</caom2:contentType>
          <caom2:contentChecksum>md5:e330482de75d5c4c88ce6f6ef99035ea</caom2:contentChecksum>
          <caom2:parts>
            <caom2:part caom2:id="00000000-0000-0000-9a74-b7c9bb59cdb1">
              <caom2:name>0</caom2:name>
              <caom2:productType>science</caom2:productType>
              <caom2:chunks>
                <caom2:chunk caom2:id="00000000-0000-0000-82b0-852293d3df07">
                  <caom2:productType>science</caom2:productType>
                  <caom2:naxis>2</caom2:naxis>
                  <caom2:positionAxis1>1</caom2:positionAxis1>
                  <caom2:positionAxis2>2</caom2:positionAxis2>
                  <caom2:position>
                    <caom2:axis>
                      <caom2:axis1>
                        <caom2:ctype>RA---TAN</caom2:ctype>
                        <caom2:cunit>deg</caom2:cunit>
                      </caom2:axis1>
                      <caom2:axis2>
                        <caom2:ctype>DEC--TAN</caom2:ctype>
                        <caom2:cunit>deg</caom2:cunit>
                      </caom2:axis2>
                      <caom2:error1>
                        <caom2:syser>0.0</caom2:syser>
                        <caom2:rnder>0.384746849377</caom2:rnder>
                      </caom2:error1>
                      <caom2:error2>
                        <caom2:syser>0.0</caom2:syser>
                        <caom2:rnder>0.384746849377</caom2:rnder>
                      </caom2:error2>
                      <caom2:function>
                        <caom2:dimension>
                          <caom2:naxis1>2307</caom2:naxis1>
                          <caom2:naxis2>2316</caom2:naxis2>
                        </caom2:dimension>
                        <caom2:refCoord>
                          <caom2:coord1>
                            <caom2:pix>1163.0</caom2:pix>
                            <caom2:val>343.610015869</caom2:val>
                          </caom2:coord1>
                          <caom2:coord2>
                            <caom2:pix>1154.0</caom2:pix>
                            <caom2:val>60.9042663574</caom2:val>
                          </caom2:coord2>
                        </caom2:refCoord>
                        <caom2:cd11>-0.000247481511906</caom2:cd11>
                        <caom2:cd12>-1.04339505924e-07</caom2:cd12>
                        <caom2:cd21>-1.98753546954e-08</caom2:cd21>
                        <caom2:cd22>0.000247346441029</caom2:cd22>
                      </caom2:function>
                    </caom2:axis>
                    <caom2:coordsys>ICRS</caom2:coordsys>
                    <caom2:equinox>2000.0</caom2:equinox>
                    <caom2:resolution>2.31406164133</caom2:resolution>
                  </caom2:position>
                  <caom2:energy>
                    <caom2:axis>
                      <caom2:axis>
                        <caom2:ctype>WAVE</caom2:ctype>
                        <caom2:cunit>um</caom2:cunit>
                      </caom2:axis>
                      <caom2:range>
                        <caom2:start>
                          <caom2:pix>0.5</caom2:pix>
                          <caom2:val>2.0</caom2:val>
                        </caom2:start>
                        <caom2:end>
                          <caom2:pix>1.5</caom2:pix>
                          <caom2:val>2.3</caom2:val>
                        </caom2:end>
                      </caom2:range>
                    </caom2:axis>
                    <caom2:specsys>TOPCENT</caom2:specsys>
                    <caom2:ssysobs>TOPCENT</caom2:ssysobs>
                    <caom2:ssyssrc>TOPCENT</caom2:ssyssrc>
                    <caom2:bandpassName>K</caom2:bandpassName>
                  </caom2:energy>
                  <caom2:time>
                    <caom2:axis>
                      <caom2:axis>
                        <caom2:ctype>TIME</caom2:ctype>
                        <caom2:cunit>d</caom2:cunit>
                      </caom2:axis>
                      <caom2:range>
                        <caom2:start>
                          <caom2:pix>0.5</caom2:pix>
                          <caom2:val>57661.6111227</caom2:val>
                        </caom2:start>
                        <caom2:end>
                          <caom2:pix>1.5</caom2:pix>
                          <caom2:val>57661.6724769</caom2:val>
                        </caom2:end>
                      </caom2:range>
                      <caom2:function>
                        <caom2:naxis>1</caom2:naxis>
                        <caom2:delta>2519.28</caom2:delta>
                        <caom2:refCoord>
                          <caom2:pix>0.5</caom2:pix>
                          <caom2:val>57661.6111227</caom2:val>
                        </caom2:refCoord>
                      </caom2:function>
                    </caom2:axis>
                    <caom2:timesys>UTC</caom2:timesys>
                    <caom2:trefpos>TOPOCENTER</caom2:trefpos>
                    <caom2:exposure>2519.28</caom2:exposure>
                    <caom2:resolution>0.1</caom2:resolution>
                  </caom2:time>
                </caom2:chunk>
              </caom2:chunks>
            </caom2:part>
          </caom2:parts>
        </caom2:artifact>
      </caom2:artifacts>
    </caom2:plane>
  </caom2:planes>
  <caom2:members>
    <caom2:observationURI>caom:OMM/C160929_0283</caom2:observationURI>
    <caom2:observationURI>caom:OMM/C160929_0357</caom2:observationURI>
    <caom2:observationURI>caom:OMM/C160929_0353</caom2:observationURI>
    <caom2:observationURI>caom:OMM/C160929_0341</caom2:observationURI>
    <caom2:observationURI>caom:OMM/C160929_0297</caom2:observationURI>
    <caom2:observationURI>caom:OMM/C160929_0361</caom2:observationURI>
    <caom2:observationURI>caom:OMM/C160929_0327</caom2:observationURI>
    <caom2:observationURI>caom:OMM/C160929_0383</caom2:observationURI>
    <caom2:observationURI>caom:OMM/C160929_0305</caom2:observationURI>
    <caom2:observationURI>caom:OMM/C160929_0358</caom2:observationURI>
    <caom2:observationURI>caom:OMM/C160929_0309</caom2:observationURI>
    <caom2:observationURI>caom:OMM/C160929_0375</caom2:observationURI>
    <caom2:observationURI>caom:OMM/C160929_0325</caom2:observationURI>
    <caom2:observationURI>caom:OMM/C160929_0389</caom2:observationURI>
    <caom2:observationURI>caom:OMM/C160929_0366</caom2:observationURI>
    <caom2:observationURI>caom:OMM/C160929_0350</caom2:observationURI>
    <caom2:observationURI>caom:OMM/C160929_0318</caom2:observationURI>
    <caom2:observationURI>caom:OMM/C160929_0294</caom2:observationURI>
    <caom2:observationURI>caom:OMM/C160929_0396</caom2:observationURI>
    <caom2:observationURI>caom:OMM/C160929_0287</caom2:observationURI>
    <caom2:observationURI>caom:OMM/C160929_0308</caom2:observationURI>
    <caom2:observationURI>caom:OMM/C160929_0403</caom2:observationURI>
    <caom2:observationURI>caom:OMM/C160929_0310</caom2:observationURI>
    <caom2:observationURI>caom:OMM/C160929_0301</caom2:observationURI>
    <caom2:observationURI>caom:OMM/C160929_0338</caom2:observationURI>
    <caom2:observationURI>caom:OMM/C160929_0391</caom2:observationURI>
    <caom2:observationURI>caom:OMM/C160929_0295</caom2:observationURI>
    <caom2:observationURI>caom:OMM/C160929_0319</caom2:observationURI>
    <caom2:observationURI>caom:OMM/C160929_0388</caom2:observationURI>
    <caom2:observationURI>caom:OMM/C160929_0352</caom2:observationURI>
    <caom2:observationURI>caom:OMM/C160929_0355</caom2:observationURI>
    <caom2:observationURI>caom:OMM/C160929_0369</caom2:observationURI>
    <caom2:observationURI>caom:OMM/C160929_0381</caom2:observationURI>
    <caom2:observationURI>caom:OMM/C160929_0344</caom2:observationURI>
    <caom2:observationURI>caom:OMM/C160929_0334</caom2:observationURI>
    <caom2:observationURI>caom:OMM/C160929_0324</caom2:observationURI>
    <caom2:observationURI>caom:OMM/C160929_0356</caom2:observationURI>
    <caom2:observationURI>caom:OMM/C160929_0337</caom2:observationURI>
    <caom2:observationURI>caom:OMM/C160929_0416</caom2:observationURI>
    <caom2:observationURI>caom:OMM/C160929_0384</caom2:observationURI>
    <caom2:observationURI>caom:OMM/C160929_0348</caom2:observationURI>
    <caom2:observationURI>caom:OMM/C160929_0326</caom2:observationURI>
    <caom2:observationURI>caom:OMM/C160929_0397</caom2:observationURI>
    <caom2:observationURI>caom:OMM/C160929_0296</caom2:observationURI>
    <caom2:observationURI>caom:OMM/C160929_0300</caom2:observationURI>
    <caom2:observationURI>caom:OMM/C160929_0299</caom2:observationURI>
    <caom2:observationURI>caom:OMM/C160929_0368</caom2:observationURI>
    <caom2:observationURI>caom:OMM/C160929_0331</caom2:observationURI>
    <caom2:observationURI>caom:OMM/C160929_0363</caom2:observationURI>
    <caom2:observationURI>caom:OMM/C160929_0409</caom2:observationURI>
    <caom2:observationURI>caom:OMM/C160929_0343</caom2:observationURI>
    <caom2:observationURI>caom:OMM/C160929_0367</caom2:observationURI>
    <caom2:observationURI>caom:OMM/C160929_0401</caom2:observationURI>
    <caom2:observationURI>caom:OMM/C160929_0386</caom2:observationURI>
    <caom2:observationURI>caom:OMM/C160929_0339</caom2:observationURI>
    <caom2:observationURI>caom:OMM/C160929_0328</caom2:observationURI>
    <caom2:observationURI>caom:OMM/C160929_0335</caom2:observationURI>
    <caom2:observationURI>caom:OMM/C160929_0400</caom2:observationURI>
    <caom2:observationURI>caom:OMM/C160929_0354</caom2:observationURI>
    <caom2:observationURI>caom:OMM/C160929_0293</caom2:observationURI>
    <caom2:observationURI>caom:OMM/C160929_0342</caom2:observationURI>
    <caom2:observationURI>caom:OMM/C160929_0387</caom2:observationURI>
    <caom2:observationURI>caom:OMM/C160929_0351</caom2:observationURI>
    <caom2:observationURI>caom:OMM/C160929_0306</caom2:observationURI>
    <caom2:observationURI>caom:OMM/C160929_0359</caom2:observationURI>
    <caom2:observationURI>caom:OMM/C160929_0402</caom2:observationURI>
    <caom2:observationURI>caom:OMM/C160929_0346</caom2:observationURI>
    <caom2:observationURI>caom:OMM/C160929_0303</caom2:observationURI>
    <caom2:observationURI>caom:OMM/C160929_0408</caom2:observationURI>
    <caom2:observationURI>caom:OMM/C160929_0414</caom2:observationURI>
    <caom2:observationURI>caom:OMM/C160929_0362</caom2:observationURI>
    <caom2:observationURI>caom:OMM/C160929_0288</caom2:observationURI>
    <caom2:observationURI>caom:OMM/C160929_0292</caom2:observationURI>
    <caom2:observationURI>caom:OMM/C160929_0317</caom2:observationURI>
    <caom2:observationURI>caom:OMM/C160929_0323</caom2:observationURI>
    <caom2:observationURI>caom:OMM/C160929_0413</caom2:observationURI>
    <caom2:observationURI>caom:OMM/C160929_0371</caom2:observationURI>
    <caom2:observationURI>caom:OMM/C160929_0336</caom2:observationURI>
    <caom2:observationURI>caom:OMM/C160929_0411</caom2:observationURI>
    <caom2:observationURI>caom:OMM/C160929_0347</caom2:observationURI>
    <caom2:observationURI>caom:OMM/C160929_0398</caom2:observationURI>
    <caom2:observationURI>caom:OMM/C160929_0405</caom2:observationURI>
    <caom2:observationURI>caom:OMM/C160929_0376</caom2:observationURI>
    <caom2:observationURI>caom:OMM/C160929_0312</caom2:observationURI>
    <caom2:observationURI>caom:OMM/C160929_0329</caom2:observationURI>
    <caom2:observationURI>caom:OMM/C160929_0374</caom2:observationURI>
    <caom2:observationURI>caom:OMM/C160929_0322</caom2:observationURI>
    <caom2:observationURI>caom:OMM/C160929_0394</caom2:observationURI>
    <caom2:observationURI>caom:OMM/C160929_0289</caom2:observationURI>
    <caom2:observationURI>caom:OMM/C160929_0373</caom2:observationURI>
    <caom2:observationURI>caom:OMM/C160929_0406</caom2:observationURI>
    <caom2:observationURI>caom:OMM/C160929_0314</caom2:observationURI>
    <caom2:observationURI>caom:OMM/C160929_0284</caom2:observationURI>
    <caom2:observationURI>caom:OMM/C160929_0320</caom2:observationURI>
    <caom2:observationURI>caom:OMM/C160929_0316</caom2:observationURI>
    <caom2:observationURI>caom:OMM/C160929_0345</caom2:observationURI>
    <caom2:observationURI>caom:OMM/C160929_0302</caom2:observationURI>
    <caom2:observationURI>caom:OMM/C160929_0364</caom2:observationURI>
    <caom2:observationURI>caom:OMM/C160929_0399</caom2:observationURI>
    <caom2:observationURI>caom:OMM/C160929_0290</caom2:observationURI>
    <caom2:observationURI>caom:OMM/C160929_0393</caom2:observationURI>
    <caom2:observationURI>caom:OMM/C160929_0340</caom2:observationURI>
    <caom2:observationURI>caom:OMM/C160929_0286</caom2:observationURI>
    <caom2:observationURI>caom:OMM/C160929_0378</caom2:observationURI>
    <caom2:observationURI>caom:OMM/C160929_0360</caom2:observationURI>
    <caom2:observationURI>caom:OMM/C160929_0377</caom2:observationURI>
    <caom2:observationURI>caom:OMM/C160929_0307</caom2:observationURI>
    <caom2:observationURI>caom:OMM/C160929_0365</caom2:observationURI>
    <caom2:observationURI>caom:OMM/C160929_0390</caom2:observationURI>
    <caom2:observationURI>caom:OMM/C160929_0282</caom2:observationURI>
    <caom2:observationURI>caom:OMM/C160929_0382</caom2:observationURI>
    <caom2:observationURI>caom:OMM/C160929_0311</caom2:observationURI>
    <caom2:observationURI>caom:OMM/C160929_0321</caom2:observationURI>
    <caom2:observationURI>caom:OMM/C160929_0372</caom2:observationURI>
    <caom2:observationURI>caom:OMM/C160929_0380</caom2:observationURI>
    <caom2:observationURI>caom:OMM/C160929_0379</caom2:observationURI>
    <caom2:observationURI>caom:OMM/C160929_0333</caom2:observationURI>
    <caom2:observationURI>caom:OMM/C160929_0385</caom2:observationURI>
    <caom2:observationURI>caom:OMM/C160929_0291</caom2:observationURI>
    <caom2:observationURI>caom:OMM/C160929_0313</caom2:observationURI>
    <caom2:observationURI>caom:OMM/C160929_0304</caom2:observationURI>
    <caom2:observationURI>caom:OMM/C160929_0407</caom2:observationURI>
    <caom2:observationURI>caom:OMM/C160929_0285</caom2:observationURI>
    <caom2:observationURI>caom:OMM/C160929_0298</caom2:observationURI>
    <caom2:observationURI>caom:OMM/C160929_0392</caom2:observationURI>
    <caom2:observationURI>caom:OMM/C160929_0332</caom2:observationURI>
    <caom2:observationURI>caom:OMM/C160929_0395</caom2:observationURI>
    <caom2:observationURI>caom:OMM/C160929_0370</caom2:observationURI>
    <caom2:observationURI>caom:OMM/C160929_0415</caom2:observationURI>
    <caom2:observationURI>caom:OMM/C160929_0412</caom2:observationURI>
    <caom2:observationURI>caom:OMM/C160929_0349</caom2:observationURI>
    <caom2:observationURI>caom:OMM/C160929_0315</caom2:observationURI>
    <caom2:observationURI>caom:OMM/C160929_0330</caom2:observationURI>
  </caom2:members>
</caom2:Observation>
