<?xml version='1.0' encoding='UTF-8'?>
<caom2:Observation xmlns:caom2="http://www.opencadc.org/caom2/xml/v2.3" xmlns:xsi="http://www.w3.org/2001/XMLSchema-instance" xsi:type="caom2:CompositeObservation" caom2:id="00000000-0000-0000-8f84-26e40c2d0d1f">
  <caom2:collection>OMM</caom2:collection>
  <caom2:observationID>C170323_domeflat_K</caom2:observationID>
  <caom2:metaRelease>2017-03-23T14:20:11.000</caom2:metaRelease>
  <caom2:algorithm>
    <caom2:name>composite</caom2:name>
  </caom2:algorithm>
  <caom2:type>flat</caom2:type>
  <caom2:intent>calibration</caom2:intent>
  <caom2:target>
    <caom2:name>domeflat</caom2:name>
    <caom2:type>object</caom2:type>
    <caom2:standard>false</caom2:standard>
    <caom2:moving>false</caom2:moving>
  </caom2:target>
  <caom2:targetPosition>
    <caom2:coordsys>ICRS</caom2:coordsys>
    <caom2:equinox>2000.0</caom2:equinox>
    <caom2:coordinates>
      <caom2:cval1>7.094558</caom2:cval1>
      <caom2:cval2>34.337723</caom2:cval2>
    </caom2:coordinates>
  </caom2:targetPosition>
  <caom2:telescope>
    <caom2:name>OMM-1.6m</caom2:name>
    <caom2:geoLocationX>1448028.9616748542</caom2:geoLocationX>
    <caom2:geoLocationY>-4242093.481212275</caom2:geoLocationY>
    <caom2:geoLocationZ>4523795.303587095</caom2:geoLocationZ>
  </caom2:telescope>
  <caom2:instrument>
    <caom2:name>CPAPIR</caom2:name>
    <caom2:keywords>
      <caom2:keyword>DETECTOR=CPAPIR-HAWAII-2</caom2:keyword>
    </caom2:keywords>
  </caom2:instrument>
  <caom2:environment>
    <caom2:ambientTemp>-6.33333</caom2:ambientTemp>
  </caom2:environment>
  <caom2:planes>
    <caom2:plane caom2:id="00000000-0000-0000-b383-e1cd7147ccdd">
      <caom2:productID>C170323_domeflat_K_CALRED</caom2:productID>
      <caom2:metaRelease>2017-03-23T19:20:11.000</caom2:metaRelease>
      <caom2:dataRelease>2018-09-22T00:00:00.000</caom2:dataRelease>
      <caom2:dataProductType>image</caom2:dataProductType>
      <caom2:calibrationLevel>1</caom2:calibrationLevel>
      <caom2:provenance>
        <caom2:name>CPAPIR</caom2:name>
        <caom2:version>1.0</caom2:version>
        <caom2:project>Standard Pipeline</caom2:project>
        <caom2:producer>LAE</caom2:producer>
        <caom2:runID>170323</caom2:runID>
        <caom2:reference>http://omm-astro.ca</caom2:reference>
        <caom2:inputs>
          <caom2:planeURI>caom:OMM/C170323_0166/C170323_0166_CAL</caom2:planeURI>
          <caom2:planeURI>caom:OMM/C170323_0163/C170323_0163_CAL</caom2:planeURI>
          <caom2:planeURI>caom:OMM/C170323_0171/C170323_0171_CAL</caom2:planeURI>
          <caom2:planeURI>caom:OMM/C170323_0155/C170323_0155_CAL</caom2:planeURI>
          <caom2:planeURI>caom:OMM/C170323_0154/C170323_0154_CAL</caom2:planeURI>
          <caom2:planeURI>caom:OMM/C170323_0152/C170323_0152_CAL</caom2:planeURI>
          <caom2:planeURI>caom:OMM/C170323_0172/C170323_0172_CAL</caom2:planeURI>
          <caom2:planeURI>caom:OMM/C170323_0151/C170323_0151_CAL</caom2:planeURI>
          <caom2:planeURI>caom:OMM/C170323_0158/C170323_0158_CAL</caom2:planeURI>
          <caom2:planeURI>caom:OMM/C170323_0161/C170323_0161_CAL</caom2:planeURI>
          <caom2:planeURI>caom:OMM/C170323_0170/C170323_0170_CAL</caom2:planeURI>
          <caom2:planeURI>caom:OMM/C170323_0153/C170323_0153_CAL</caom2:planeURI>
          <caom2:planeURI>caom:OMM/C170323_0167/C170323_0167_CAL</caom2:planeURI>
          <caom2:planeURI>caom:OMM/C170323_0162/C170323_0162_CAL</caom2:planeURI>
          <caom2:planeURI>caom:OMM/C170323_0160/C170323_0160_CAL</caom2:planeURI>
          <caom2:planeURI>caom:OMM/C170323_0157/C170323_0157_CAL</caom2:planeURI>
          <caom2:planeURI>caom:OMM/C170323_0156/C170323_0156_CAL</caom2:planeURI>
          <caom2:planeURI>caom:OMM/C170323_0168/C170323_0168_CAL</caom2:planeURI>
          <caom2:planeURI>caom:OMM/C170323_0169/C170323_0169_CAL</caom2:planeURI>
          <caom2:planeURI>caom:OMM/C170323_0164/C170323_0164_CAL</caom2:planeURI>
          <caom2:planeURI>caom:OMM/C170323_0159/C170323_0159_CAL</caom2:planeURI>
          <caom2:planeURI>caom:OMM/C170323_0165/C170323_0165_CAL</caom2:planeURI>
        </caom2:inputs>
      </caom2:provenance>
      <caom2:artifacts>
        <caom2:artifact caom2:id="00000000-0000-0000-afa5-2075c0b6719d">
          <caom2:uri>ad:OMM/C170323_domeflat_K_CALRED.fits.gz</caom2:uri>
          <caom2:productType>calibration</caom2:productType>
          <caom2:releaseType>data</caom2:releaseType>
          <caom2:contentType>application/fits</caom2:contentType>
          <caom2:contentChecksum>md5:e330482de75d5c4c88ce6f6ef99035ea</caom2:contentChecksum>
          <caom2:parts>
            <caom2:part caom2:id="00000000-0000-0000-88e4-d850d895ac2d">
              <caom2:name>0</caom2:name>
              <caom2:productType>calibration</caom2:productType>
              <caom2:chunks>
                <caom2:chunk caom2:id="00000000-0000-0000-9323-2a16f80f0e25">
                  <caom2:productType>calibration</caom2:productType>
                  <caom2:energy>
                    <caom2:axis>
                      <caom2:axis>
                        <caom2:ctype>WAVE</caom2:ctype>
                        <caom2:cunit>um</caom2:cunit>
                      </caom2:axis>
                      <caom2:range>
                        <caom2:start>
                          <caom2:pix>0.5</caom2:pix>
                          <caom2:val>2.0</caom2:val>
                        </caom2:start>
                        <caom2:end>
                          <caom2:pix>1.5</caom2:pix>
                          <caom2:val>2.3</caom2:val>
                        </caom2:end>
                      </caom2:range>
                    </caom2:axis>
                    <caom2:specsys>TOPOCENT</caom2:specsys>
                    <caom2:ssysobs>TOPOCENT</caom2:ssysobs>
                    <caom2:ssyssrc>TOPOCENT</caom2:ssyssrc>
                    <caom2:bandpassName>K</caom2:bandpassName>
                  </caom2:energy>
                  <caom2:time>
                    <caom2:axis>
                      <caom2:axis>
                        <caom2:ctype>TIME</caom2:ctype>
                        <caom2:cunit>d</caom2:cunit>
                      </caom2:axis>
                      <caom2:range>
                        <caom2:start>
                          <caom2:pix>0.5</caom2:pix>
                          <caom2:val>57835.80568287037</caom2:val>
                        </caom2:start>
                        <caom2:end>
                          <caom2:pix>1.5</caom2:pix>
                          <caom2:val>57835.80574074074</caom2:val>
                        </caom2:end>
                      </caom2:range>
                      <caom2:function>
                        <caom2:naxis>1</caom2:naxis>
                        <caom2:delta>5.412</caom2:delta>
                        <caom2:refCoord>
                          <caom2:pix>0.5</caom2:pix>
                          <caom2:val>57835.80568287037</caom2:val>
                        </caom2:refCoord>
                      </caom2:function>
                    </caom2:axis>
                    <caom2:timesys>UTC</caom2:timesys>
                    <caom2:trefpos>TOPOCENTER</caom2:trefpos>
                    <caom2:exposure>5.412</caom2:exposure>
                    <caom2:resolution>0.1</caom2:resolution>
                  </caom2:time>
                </caom2:chunk>
              </caom2:chunks>
            </caom2:part>
          </caom2:parts>
        </caom2:artifact>
      </caom2:artifacts>
    </caom2:plane>
  </caom2:planes>
  <caom2:members>
    <caom2:observationURI>caom:OMM/C170323_0162</caom2:observationURI>
    <caom2:observationURI>caom:OMM/C170323_0169</caom2:observationURI>
    <caom2:observationURI>caom:OMM/C170323_0165</caom2:observationURI>
    <caom2:observationURI>caom:OMM/C170323_0168</caom2:observationURI>
    <caom2:observationURI>caom:OMM/C170323_0151</caom2:observationURI>
    <caom2:observationURI>caom:OMM/C170323_0170</caom2:observationURI>
    <caom2:observationURI>caom:OMM/C170323_0157</caom2:observationURI>
    <caom2:observationURI>caom:OMM/C170323_0161</caom2:observationURI>
    <caom2:observationURI>caom:OMM/C170323_0152</caom2:observationURI>
    <caom2:observationURI>caom:OMM/C170323_0154</caom2:observationURI>
    <caom2:observationURI>caom:OMM/C170323_0159</caom2:observationURI>
    <caom2:observationURI>caom:OMM/C170323_0153</caom2:observationURI>
    <caom2:observationURI>caom:OMM/C170323_0158</caom2:observationURI>
    <caom2:observationURI>caom:OMM/C170323_0155</caom2:observationURI>
    <caom2:observationURI>caom:OMM/C170323_0167</caom2:observationURI>
    <caom2:observationURI>caom:OMM/C170323_0172</caom2:observationURI>
    <caom2:observationURI>caom:OMM/C170323_0164</caom2:observationURI>
    <caom2:observationURI>caom:OMM/C170323_0160</caom2:observationURI>
    <caom2:observationURI>caom:OMM/C170323_0163</caom2:observationURI>
    <caom2:observationURI>caom:OMM/C170323_0171</caom2:observationURI>
    <caom2:observationURI>caom:OMM/C170323_0156</caom2:observationURI>
    <caom2:observationURI>caom:OMM/C170323_0166</caom2:observationURI>
  </caom2:members>
</caom2:Observation>
