<caom2:Observation xmlns:caom2="http://www.opencadc.org/caom2/xml/v2.3" xmlns:xsi="http://www.w3.org/2001/XMLSchema-instance" xsi:type="caom2:SimpleObservation" caom2:id="00000000-0000-0000-8604-ba315d063664" caom2:lastModified="2019-10-19T22:17:40.109" caom2:maxLastModified="2019-10-19T22:17:40.109" caom2:metaChecksum="md5:22c771df5faee6e69da885a6ad161d83" caom2:accMetaChecksum="md5:edf7cf55c946d3574c09212f73af218e">
  <caom2:collection>OMM</caom2:collection>
  <caom2:observationID>C171019_0377</caom2:observationID>
  <caom2:metaRelease>2017-10-20T05:07:21.000</caom2:metaRelease>
  <caom2:algorithm>
    <caom2:name>exposure</caom2:name>
  </caom2:algorithm>
  <caom2:type>object</caom2:type>
  <caom2:intent>science</caom2:intent>
  <caom2:target>
    <caom2:name>SIMP0136</caom2:name>
    <caom2:type>object</caom2:type>
    <caom2:standard>false</caom2:standard>
    <caom2:moving>false</caom2:moving>
  </caom2:target>
  <caom2:targetPosition>
    <caom2:coordsys>ICRS</caom2:coordsys>
    <caom2:equinox>2000.0</caom2:equinox>
    <caom2:coordinates>
      <caom2:cval1>24.2746443646</caom2:cval1>
      <caom2:cval2>9.529724</caom2:cval2>
    </caom2:coordinates>
  </caom2:targetPosition>
  <caom2:telescope>
    <caom2:name>OMM-1.6m</caom2:name>
    <caom2:geoLocationX>1448028.9338499117</caom2:geoLocationX>
    <caom2:geoLocationY>-4242093.453508253</caom2:geoLocationY>
    <caom2:geoLocationZ>4523795.338238991</caom2:geoLocationZ>
  </caom2:telescope>
  <caom2:instrument>
    <caom2:name>CPAPIR</caom2:name>
    <caom2:keywords>
      <caom2:keyword>DETECTOR=CPAPIR-HAWAII-2</caom2:keyword>
    </caom2:keywords>
  </caom2:instrument>
  <caom2:planes>
    <caom2:plane caom2:id="00000000-0000-0000-b0e1-518b86848fe2" caom2:lastModified="2019-10-19T22:17:40.109" caom2:maxLastModified="2019-10-19T22:17:40.109" caom2:metaChecksum="md5:368c6dd918411b7bb6cb9d0a38323e3c" caom2:accMetaChecksum="md5:fccb0a23110a5149cda3eee9571c821f">
      <caom2:productID>C171019_0377_SCI</caom2:productID>
      <caom2:metaRelease>2017-10-20T09:07:21.000</caom2:metaRelease>
      <caom2:dataRelease>2019-04-20T00:00:00.000</caom2:dataRelease>
      <caom2:dataProductType>image</caom2:dataProductType>
      <caom2:calibrationLevel>1</caom2:calibrationLevel>
      <caom2:provenance>
        <caom2:name>CPAPIR</caom2:name>
        <caom2:version>1.0</caom2:version>
        <caom2:project>Standard Pipeline</caom2:project>
        <caom2:producer>LAE</caom2:producer>
        <caom2:runID>171019</caom2:runID>
        <caom2:reference>http://omm-astro.ca</caom2:reference>
      </caom2:provenance>
      <caom2:quality>
        <caom2:flag>junk</caom2:flag>
      </caom2:quality>
      <caom2:artifacts>
        <caom2:artifact caom2:id="00000000-0000-0000-b8da-99ead374e2e2" caom2:lastModified="2019-10-19T22:17:40.109" caom2:maxLastModified="2019-10-19T22:17:40.109" caom2:metaChecksum="md5:9fda3dd65ecfe4b49024e23e102f801a" caom2:accMetaChecksum="md5:903b79a9ba2353271682bdbb126d99f4">
          <caom2:uri>ad:OMM/C171019_0377_SCI.fits.gz</caom2:uri>
          <caom2:productType>science</caom2:productType>
          <caom2:releaseType>data</caom2:releaseType>
          <caom2:contentType>application/fits</caom2:contentType>
          <caom2:contentChecksum>md5:d74398cb549741b6638b4f51b3846b76</caom2:contentChecksum>
          <caom2:parts>
            <caom2:part caom2:id="00000000-0000-0000-a44d-45448d3332a1" caom2:lastModified="2018-07-19T20:19:46.837" caom2:maxLastModified="2018-12-29T02:55:52.791" caom2:metaChecksum="md5:afefa81aeccecd9d0419f892c22d757b" caom2:accMetaChecksum="md5:0e95f16c25d3beba3a3087b317a25153">
              <caom2:name>0</caom2:name>
              <caom2:productType>science</caom2:productType>
              <caom2:chunks>
                <caom2:chunk caom2:id="00000000-0000-0000-8f35-55f450ab847a" caom2:lastModified="2018-12-29T02:55:52.791" caom2:maxLastModified="2018-12-29T02:55:52.791" caom2:metaChecksum="md5:13ecc5591de1ad609829800deea595ac" caom2:accMetaChecksum="md5:53d8801502018872a401d7771eb1524b">
                  <caom2:productType>science</caom2:productType>
                  <caom2:energy>
                    <caom2:axis>
                      <caom2:axis>
                        <caom2:ctype>WAVE</caom2:ctype>
                        <caom2:cunit>um</caom2:cunit>
                      </caom2:axis>
                      <caom2:range>
                        <caom2:start>
                          <caom2:pix>0.5</caom2:pix>
                          <caom2:val>2.0</caom2:val>
                        </caom2:start>
                        <caom2:end>
                          <caom2:pix>1.5</caom2:pix>
                          <caom2:val>2.3</caom2:val>
                        </caom2:end>
                      </caom2:range>
                    </caom2:axis>
                    <caom2:specsys>TOPCENT</caom2:specsys>
                    <caom2:ssysobs>TOPCENT</caom2:ssysobs>
                    <caom2:ssyssrc>TOPCENT</caom2:ssyssrc>
                    <caom2:bandpassName>K</caom2:bandpassName>
                  </caom2:energy>
                  <caom2:time>
                    <caom2:axis>
                      <caom2:axis>
                        <caom2:ctype>TIME</caom2:ctype>
                        <caom2:cunit>d</caom2:cunit>
                      </caom2:axis>
                      <caom2:range>
                        <caom2:start>
                          <caom2:pix>0.5</caom2:pix>
                          <caom2:val>58046.38010416667</caom2:val>
                        </caom2:start>
                        <caom2:end>
                          <caom2:pix>1.5</caom2:pix>
                          <caom2:val>58046.38019675926</caom2:val>
                        </caom2:end>
                      </caom2:range>
                      <caom2:function>
                        <caom2:naxis>1</caom2:naxis>
                        <caom2:delta>8.118</caom2:delta>
                        <caom2:refCoord>
                          <caom2:pix>0.5</caom2:pix>
                          <caom2:val>58046.38010416667</caom2:val>
                        </caom2:refCoord>
                      </caom2:function>
                    </caom2:axis>
                    <caom2:timesys>UTC</caom2:timesys>
                    <caom2:trefpos>TOPOCENTER</caom2:trefpos>
                    <caom2:exposure>8.118</caom2:exposure>
                    <caom2:resolution>0.1</caom2:resolution>
                  </caom2:time>
                </caom2:chunk>
              </caom2:chunks>
            </caom2:part>
          </caom2:parts>
        </caom2:artifact>
      </caom2:artifacts>
    </caom2:plane>
  </caom2:planes>
</caom2:Observation>
