<?xml version='1.0' encoding='UTF-8'?>
<caom2:Observation xmlns:caom2="http://www.opencadc.org/caom2/xml/v2.4" xmlns:xsi="http://www.w3.org/2001/XMLSchema-instance" xsi:type="caom2:SimpleObservation" caom2:id="422f1d5b-d2f9-4a4d-9e1d-274f60d31f00" caom2:lastModified="2020-11-17T22:51:31.968" caom2:maxLastModified="2020-11-17T22:51:31.968" caom2:metaChecksum="md5:77a844304ba3c5b8e88acee925f9f666" caom2:accMetaChecksum="md5:4eaaa1f6236bfc306706f0e756b75554">
  <caom2:collection>OMM</caom2:collection>
  <caom2:observationID>C201109_0112</caom2:observationID>
  <caom2:metaRelease>2020-11-09T21:08:37.000</caom2:metaRelease>
  <caom2:algorithm>
    <caom2:name>exposure</caom2:name>
  </caom2:algorithm>
  <caom2:type>reject</caom2:type>
  <caom2:intent>calibration</caom2:intent>
  <caom2:target>
    <caom2:name>BAD</caom2:name>
    <caom2:type>object</caom2:type>
    <caom2:standard>false</caom2:standard>
    <caom2:moving>false</caom2:moving>
  </caom2:target>
  <caom2:targetPosition>
    <caom2:coordsys>ICRS</caom2:coordsys>
    <caom2:equinox>2000.0</caom2:equinox>
    <caom2:coordinates>
      <caom2:cval1>353.865255</caom2:cval1>
      <caom2:cval2>1.700773</caom2:cval2>
    </caom2:coordinates>
  </caom2:targetPosition>
  <caom2:requirements>
    <caom2:flag>fail</caom2:flag>
  </caom2:requirements>
  <caom2:telescope>
    <caom2:name>OMM-1.6m</caom2:name>
    <caom2:geoLocationX>1448028.9616748542</caom2:geoLocationX>
    <caom2:geoLocationY>-4242093.481212275</caom2:geoLocationY>
    <caom2:geoLocationZ>4523795.303587095</caom2:geoLocationZ>
  </caom2:telescope>
  <caom2:instrument>
    <caom2:name>CPAPIR</caom2:name>
    <caom2:keywords>
      <caom2:keyword>DETECTOR=CPAPIR-HAWAII-2</caom2:keyword>
    </caom2:keywords>
  </caom2:instrument>
  <caom2:planes>
    <caom2:plane caom2:id="fb8403f7-c7ba-4f57-976c-00b4d0365b9d" caom2:lastModified="2020-11-11T03:42:44.454" caom2:maxLastModified="2020-11-11T03:42:49.242" caom2:metaChecksum="md5:61cec0238547ef88dd70aeb4b5b34229" caom2:accMetaChecksum="md5:9d451d1ea2f049ac89e6bc350fb08f32">
      <caom2:productID>C201109_0112_SCI</caom2:productID>
      <caom2:metaRelease>2020-11-10T02:08:37.000</caom2:metaRelease>
      <caom2:dataRelease>2022-11-10T00:00:00.000</caom2:dataRelease>
      <caom2:dataProductType>image</caom2:dataProductType>
      <caom2:calibrationLevel>1</caom2:calibrationLevel>
      <caom2:provenance>
        <caom2:name>CPAPIR</caom2:name>
        <caom2:version>8.0.0</caom2:version>
        <caom2:project>Standard Pipeline</caom2:project>
        <caom2:producer>LAE</caom2:producer>
        <caom2:runID>201109</caom2:runID>
        <caom2:reference>http://omm-astro.ca</caom2:reference>
        <caom2:lastExecuted>2020-08-10T00:00:00.000</caom2:lastExecuted>
      </caom2:provenance>
      <caom2:polarization/>
      <caom2:artifacts>
        <caom2:artifact caom2:id="78d04df7-bca8-4b13-bd4c-9afae46b0928" caom2:lastModified="2020-11-11T03:42:44.454" caom2:maxLastModified="2020-11-11T03:42:44.454" caom2:metaChecksum="md5:367ae89a9fe5826a89cbcc0702ec963e" caom2:accMetaChecksum="md5:e95f7ced685059d83814e78fd7b008af">
          <caom2:uri>ad:OMM/C201109_0112_SCI.fits.gz</caom2:uri>
          <caom2:productType>science</caom2:productType>
          <caom2:releaseType>data</caom2:releaseType>
          <caom2:contentType>application/fits</caom2:contentType>
          <caom2:contentLength>5929862</caom2:contentLength>
          <caom2:contentChecksum>md5:8d87d24af4c97b312188415d3be547b1</caom2:contentChecksum>
          <caom2:parts>
            <caom2:part caom2:id="ded4c2fa-db1b-4036-ac69-9e437356e0c3" caom2:lastModified="2020-11-11T03:42:44.454" caom2:maxLastModified="2020-11-11T03:42:44.454" caom2:metaChecksum="md5:114eb8bb35b2d7024b444360d5306d5d" caom2:accMetaChecksum="md5:69c8f6faa4e51d3fba9d5b2ba7ae946e">
              <caom2:name>0</caom2:name>
              <caom2:productType>science</caom2:productType>
              <caom2:chunks>
                <caom2:chunk caom2:id="00cfe347-0208-47f7-ac8d-7dd434d1b705" caom2:lastModified="2020-11-11T03:42:44.454" caom2:maxLastModified="2020-11-11T03:42:44.454" caom2:metaChecksum="md5:12d53c41a92ec043a743396f3c0bded3" caom2:accMetaChecksum="md5:e041263f2502bc8fc35fe6541d7be45a">
                  <caom2:productType>science</caom2:productType>
                  <caom2:energy>
                    <caom2:axis>
                      <caom2:axis>
                        <caom2:ctype>WAVE</caom2:ctype>
                        <caom2:cunit>um</caom2:cunit>
                      </caom2:axis>
                      <caom2:range>
                        <caom2:start>
                          <caom2:pix>0.5</caom2:pix>
                          <caom2:val>1.17</caom2:val>
                        </caom2:start>
                        <caom2:end>
                          <caom2:pix>1.5</caom2:pix>
                          <caom2:val>1.33</caom2:val>
                        </caom2:end>
                      </caom2:range>
                    </caom2:axis>
                    <caom2:specsys>TOPCENT</caom2:specsys>
                    <caom2:ssysobs>TOPCENT</caom2:ssysobs>
                    <caom2:ssyssrc>TOPCENT</caom2:ssyssrc>
                    <caom2:bandpassName>J</caom2:bandpassName>
                  </caom2:energy>
                  <caom2:time>
                    <caom2:axis>
                      <caom2:axis>
                        <caom2:ctype>TIME</caom2:ctype>
                        <caom2:cunit>d</caom2:cunit>
                      </caom2:axis>
                      <caom2:range>
                        <caom2:start>
                          <caom2:pix>0.5</caom2:pix>
                          <caom2:val>59163.08931712963</caom2:val>
                        </caom2:start>
                        <caom2:end>
                          <caom2:pix>1.5</caom2:pix>
                          <caom2:val>59163.08954861111</caom2:val>
                        </caom2:end>
                      </caom2:range>
                      <caom2:function>
                        <caom2:naxis>1</caom2:naxis>
                        <caom2:delta>20.295</caom2:delta>
                        <caom2:refCoord>
                          <caom2:pix>0.5</caom2:pix>
                          <caom2:val>59163.08931712963</caom2:val>
                        </caom2:refCoord>
                      </caom2:function>
                    </caom2:axis>
                    <caom2:timesys>UTC</caom2:timesys>
                    <caom2:trefpos>TOPOCENTER</caom2:trefpos>
                    <caom2:exposure>20.295</caom2:exposure>
                    <caom2:resolution>0.1</caom2:resolution>
                  </caom2:time>
                </caom2:chunk>
              </caom2:chunks>
            </caom2:part>
          </caom2:parts>
        </caom2:artifact>
        <caom2:artifact caom2:id="5426fdf0-012c-4aed-b27a-9c46f1521bd6" caom2:lastModified="2020-11-11T03:42:49.242" caom2:maxLastModified="2020-11-11T03:42:49.242" caom2:metaChecksum="md5:c949998610d6987783cdfb01488a283d" caom2:accMetaChecksum="md5:4bd04949aa5bcd9357b9b11ff3bb5735">
          <caom2:uri>ad:OMM/C201109_0112_SCI_prev.jpg</caom2:uri>
          <caom2:productType>preview</caom2:productType>
          <caom2:releaseType>data</caom2:releaseType>
          <caom2:contentType>image/jpeg</caom2:contentType>
          <caom2:contentLength>764883</caom2:contentLength>
          <caom2:contentChecksum>md5:06190bea03033f6508de677f4a3894e2</caom2:contentChecksum>
          <caom2:parts/>
        </caom2:artifact>
        <caom2:artifact caom2:id="cfe08c4a-9ec2-4d77-8770-51a4ff6d0817" caom2:lastModified="2020-11-11T03:42:49.242" caom2:maxLastModified="2020-11-11T03:42:49.242" caom2:metaChecksum="md5:057703b6b7f1d35aea1bee272fa22e32" caom2:accMetaChecksum="md5:3315f5b3d574814606c0033c212887ea">
          <caom2:uri>ad:OMM/C201109_0112_SCI_prev_256.jpg</caom2:uri>
          <caom2:productType>thumbnail</caom2:productType>
          <caom2:releaseType>data</caom2:releaseType>
          <caom2:contentType>image/jpeg</caom2:contentType>
          <caom2:contentLength>6832</caom2:contentLength>
          <caom2:contentChecksum>md5:adfb81683bdb5ce78913e0b18464f025</caom2:contentChecksum>
          <caom2:parts/>
        </caom2:artifact>
      </caom2:artifacts>
    </caom2:plane>
    <caom2:plane caom2:id="468c9160-f417-4b0c-8a31-8e73a994909f" caom2:lastModified="2020-11-17T22:51:31.968" caom2:maxLastModified="2020-11-17T22:51:31.968" caom2:metaChecksum="md5:dbf4b42b63fe87f767839f03bb1ff96d" caom2:accMetaChecksum="md5:fbe9a40a2f5c80b80c9c2a96939c1675">
      <caom2:productID>C201109_0112_REJECT</caom2:productID>
      <caom2:metaRelease>2020-11-10T02:08:37.000</caom2:metaRelease>
      <caom2:dataRelease>2022-05-11T00:00:00.000</caom2:dataRelease>
      <caom2:dataProductType>image</caom2:dataProductType>
      <caom2:calibrationLevel>1</caom2:calibrationLevel>
      <caom2:provenance>
        <caom2:name>CPAPIR</caom2:name>
        <caom2:version>8.0.0</caom2:version>
        <caom2:project>Standard Pipeline</caom2:project>
        <caom2:producer>LAE</caom2:producer>
        <caom2:runID>201109</caom2:runID>
        <caom2:reference>http://omm-astro.ca</caom2:reference>
        <caom2:lastExecuted>2020-08-10T00:00:00.000</caom2:lastExecuted>
      </caom2:provenance>
      <caom2:artifacts>
        <caom2:artifact caom2:id="57f0e7cd-5616-4868-82f6-bd5d9a901b83" caom2:lastModified="2020-11-17T22:51:31.968" caom2:maxLastModified="2020-11-17T22:51:31.968" caom2:metaChecksum="md5:45e98732550db9f3bb13d9fafb1dd081" caom2:accMetaChecksum="md5:9b01f16eda1c0ac5ecfb565b7c7d02c1">
          <caom2:uri>ad:OMM/C201109_0112_REJECT.fits.gz</caom2:uri>
          <caom2:productType>calibration</caom2:productType>
          <caom2:releaseType>data</caom2:releaseType>
          <caom2:contentType>application/fits</caom2:contentType>
          <caom2:contentChecksum>md5:6685e8ba962a96895bdfca57c2f7e678</caom2:contentChecksum>
          <caom2:parts>
            <caom2:part caom2:id="03733fce-e435-44a0-8ec1-986d9d62c31d" caom2:lastModified="2020-11-17T22:51:31.968" caom2:maxLastModified="2020-11-17T22:51:31.968" caom2:metaChecksum="md5:110535e447c2875c57ad9aa820857419" caom2:accMetaChecksum="md5:f30f029121f78282425a27d13e744bf1">
              <caom2:name>0</caom2:name>
              <caom2:productType>calibration</caom2:productType>
              <caom2:chunks>
                <caom2:chunk caom2:id="6f899b3b-5930-4d71-8239-89ffc35a6cb0" caom2:lastModified="2020-11-17T22:51:31.968" caom2:maxLastModified="2020-11-17T22:51:31.968" caom2:metaChecksum="md5:a5e771978c696efebc281941c5996943" caom2:accMetaChecksum="md5:75696709c551d9935c85ade60da0327a">
                  <caom2:productType>calibration</caom2:productType>
                  <caom2:energy>
                    <caom2:axis>
                      <caom2:axis>
                        <caom2:ctype>WAVE</caom2:ctype>
                        <caom2:cunit>um</caom2:cunit>
                      </caom2:axis>
                      <caom2:range>
                        <caom2:start>
                          <caom2:pix>0.5</caom2:pix>
                          <caom2:val>1.17</caom2:val>
                        </caom2:start>
                        <caom2:end>
                          <caom2:pix>1.5</caom2:pix>
                          <caom2:val>1.33</caom2:val>
                        </caom2:end>
                      </caom2:range>
                    </caom2:axis>
                    <caom2:specsys>TOPOCENT</caom2:specsys>
                    <caom2:ssysobs>TOPOCENT</caom2:ssysobs>
                    <caom2:ssyssrc>TOPOCENT</caom2:ssyssrc>
                    <caom2:bandpassName>J</caom2:bandpassName>
                  </caom2:energy>
                  <caom2:time>
                    <caom2:axis>
                      <caom2:axis>
                        <caom2:ctype>TIME</caom2:ctype>
                        <caom2:cunit>d</caom2:cunit>
                      </caom2:axis>
                      <caom2:range>
                        <caom2:start>
                          <caom2:pix>0.5</caom2:pix>
                          <caom2:val>59163.08931712963</caom2:val>
                        </caom2:start>
                        <caom2:end>
                          <caom2:pix>1.5</caom2:pix>
                          <caom2:val>59163.08954861111</caom2:val>
                        </caom2:end>
                      </caom2:range>
                      <caom2:function>
                        <caom2:naxis>1</caom2:naxis>
                        <caom2:delta>20.295</caom2:delta>
                        <caom2:refCoord>
                          <caom2:pix>0.5</caom2:pix>
                          <caom2:val>59163.08931712963</caom2:val>
                        </caom2:refCoord>
                      </caom2:function>
                    </caom2:axis>
                    <caom2:timesys>UTC</caom2:timesys>
                    <caom2:trefpos>TOPOCENTER</caom2:trefpos>
                    <caom2:exposure>20.295</caom2:exposure>
                    <caom2:resolution>0.1</caom2:resolution>
                  </caom2:time>
                </caom2:chunk>
              </caom2:chunks>
            </caom2:part>
          </caom2:parts>
        </caom2:artifact>
      </caom2:artifacts>
    </caom2:plane>
  </caom2:planes>
</caom2:Observation>
